2026-01-31T11:30:43.760482+01:00 localhost kernel: message repeated 3 times: [ NVRM: nvCheckOkFailedNoLog: Check failed: Out of memory [NV_ERR_NO_MEMORY] (0x00000051) returned from _memdescAllocInternal(pMemDesc) @ mem_desc.c:1359]
2026-01-31T11:31:49.804179+01:00 localhost kernel: NVRM: Xid (PCI:000f:01:00): 13, Graphics SM Warp Exception on (GPC 0, TPC 0, SM 1): Illegal Instruction Parameter
2026-01-31T11:31:49.804201+01:00 localhost kernel: NVRM: Xid (PCI:000f:01:00): 13, Graphics Exception: ESR 0x5057b0=0x3000b 0x5057b4=0x20 0x5057a8=0x1c81fb60 0x5057ac=0x1174
2026-01-31T11:31:49.804202+01:00 localhost kernel: NVRM: Xid (PCI:000f:01:00): 13, Graphics Exception: ESR 0x506730=0x0 0x506734=0x20 0x506728=0x1c81fb60 0x50672c=0x1174
2026-01-31T11:31:49.804203+01:00 localhost kernel: NVRM: Xid (PCI:000f:01:00): 13, Graphics SM Warp Exception on (GPC 0, TPC 1, SM 1): Illegal Instruction Parameter
2026-01-31T11:31:49.804210+01:00 localhost kernel: NVRM: Xid (PCI:000f:01:00): 13, Graphics Exception: ESR 0x5067b0=0x3000b 0x5067b4=0x20 0x5067a8=0x1c81fb60 0x5067ac=0x1174
2026-01-31T11:31:49.805167+01:00 localhost kernel: NVRM: Xid (PCI:000f:01:00): 13, Graphics Exception: ESR 0x507730=0x0 0x507734=0x20 0x507728=0x1c81fb60 0x50772c=0x1174
2026-01-31T11:31:49.805181+01:00 localhost kernel: NVRM: Xid (PCI:000f:01:00): 13, Graphics SM Warp Exception on (GPC 0, TPC 2, SM 1): Illegal Instruction Parameter
2026-01-31T11:31:49.805182+01:00 localhost kernel: NVRM: Xid (PCI:000f:01:00): 13, Graphics Exception: ESR 0x5077b0=0x1000b 0x5077b4=0x20 0x5077a8=0x1c81fb60 0x5077ac=0x1174
2026-01-31T11:31:49.806163+01:00 localhost kernel: NVRM: Xid (PCI:000f:01:00): 13, Graphics Exception: ESR 0x508730=0x0 0x508734=0x20 0x508728=0x1c81fb60 0x50872c=0x1174
2026-01-31T11:31:49.806177+01:00 localhost kernel: NVRM: Xid (PCI:000f:01:00): 13, Graphics SM Warp Exception on (GPC 0, TPC 3, SM 1): Illegal Instruction Parameter
2026-01-31T11:31:49.806178+01:00 localhost kernel: NVRM: Xid (PCI:000f:01:00): 13, Graphics Exception: ESR 0x5087b0=0x2000b 0x5087b4=0x20 0x5087a8=0x1c81fb60 0x5087ac=0x1174
2026-01-31T11:31:49.807164+01:00 localhost kernel: NVRM: Xid (PCI:000f:01:00): 13, Graphics Exception: ESR 0x509730=0x0 0x509734=0x20 0x509728=0x1c81fb60 0x50972c=0x1174
2026-01-31T11:31:49.807178+01:00 localhost kernel: NVRM: Xid (PCI:000f:01:00): 13, Graphics SM Warp Exception on (GPC 0, TPC 4, SM 1): Illegal Instruction Parameter
2026-01-31T11:31:49.807179+01:00 localhost kernel: NVRM: Xid (PCI:000f:01:00): 13, Graphics Exception: ESR 0x5097b0=0xb 0x5097b4=0x20 0x5097a8=0x1c81fb60 0x5097ac=0x1174
2026-01-31T11:31:49.807180+01:00 localhost kernel: NVRM: Xid (PCI:000f:01:00): 13, Graphics Exception: ESR 0x50a730=0x0 0x50a734=0x20 0x50a728=0x1c81fb60 0x50a72c=0x1174
2026-01-31T11:31:49.808166+01:00 localhost kernel: NVRM: Xid (PCI:000f:01:00): 13, Graphics SM Warp Exception on (GPC 0, TPC 5, SM 1): Illegal Instruction Parameter
2026-01-31T11:31:49.808180+01:00 localhost kernel: NVRM: Xid (PCI:000f:01:00): 13, Graphics Exception: ESR 0x50a7b0=0x3000b 0x50a7b4=0x20 0x50a7a8=0x1c81fb60 0x50a7ac=0x1174
2026-01-31T11:31:49.808181+01:00 localhost kernel: NVRM: Xid (PCI:000f:01:00): 13, Graphics Exception: ESR 0x515730=0x0 0x515734=0x20 0x515728=0x1c81fb60 0x51572c=0x1174
2026-01-31T11:31:49.808182+01:00 localhost kernel: NVRM: Xid (PCI:000f:01:00): 13, Graphics SM Warp Exception on (GPC 1, TPC 0, SM 1): Illegal Instruction Parameter
2026-01-31T11:31:49.808183+01:00 localhost kernel: NVRM: Xid (PCI:000f:01:00): 13, Graphics Exception: ESR 0x5157b0=0x1000b 0x5157b4=0x20 0x5157a8=0x1c81fb60 0x5157ac=0x1174
2026-01-31T11:31:49.809162+01:00 localhost kernel: NVRM: Xid (PCI:000f:01:00): 13, Graphics Exception: ESR 0x516730=0x0 0x516734=0x20 0x516728=0x1c81fb60 0x51672c=0x1174
2026-01-31T11:31:49.809177+01:00 localhost kernel: NVRM: Xid (PCI:000f:01:00): 13, Graphics SM Warp Exception on (GPC 1, TPC 1, SM 1): Illegal Instruction Parameter
2026-01-31T11:31:49.809179+01:00 localhost kernel: NVRM: Xid (PCI:000f:01:00): 13, Graphics Exception: ESR 0x5167b0=0x2000b 0x5167b4=0x20 0x5167a8=0x1c81fb60 0x5167ac=0x1174
2026-01-31T11:31:49.809193+01:00 localhost kernel: NVRM: Xid (PCI:000f:01:00): 13, Graphics Exception: ESR 0x517730=0x0 0x517734=0x20 0x517728=0x1c81fb60 0x51772c=0x1174
2026-01-31T11:31:49.810073+01:00 localhost kernel: NVRM: Xid (PCI:000f:01:00): 13, Graphics SM Warp Exception on (GPC 1, TPC 2, SM 1): Illegal Instruction Parameter
2026-01-31T11:31:49.810078+01:00 localhost kernel: NVRM: Xid (PCI:000f:01:00): 13, Graphics Exception: ESR 0x5177b0=0x3000b 0x5177b4=0x20 0x5177a8=0x1c81fb60 0x5177ac=0x1174
2026-01-31T11:31:49.810079+01:00 localhost kernel: NVRM: Xid (PCI:000f:01:00): 13, Graphics Exception: ESR 0x518730=0x0 0x518734=0x20 0x518728=0x1c81fb60 0x51872c=0x1174
2026-01-31T11:31:49.811065+01:00 localhost kernel: NVRM: Xid (PCI:000f:01:00): 13, Graphics SM Warp Exception on (GPC 1, TPC 3, SM 1): Illegal Instruction Parameter
2026-01-31T11:31:49.811070+01:00 localhost kernel: NVRM: Xid (PCI:000f:01:00): 13, Graphics Exception: ESR 0x5187b0=0x1000b 0x5187b4=0x20 0x5187a8=0x1c81fb60 0x5187ac=0x1174
2026-01-31T11:31:49.811072+01:00 localhost kernel: NVRM: Xid (PCI:000f:01:00): 13, Graphics Exception: ESR 0x519730=0x0 0x519734=0x20 0x519728=0x1c81fb60 0x51972c=0x1174
2026-01-31T11:31:49.811072+01:00 localhost kernel: NVRM: Xid (PCI:000f:01:00): 13, Graphics SM Warp Exception on (GPC 1, TPC 4, SM 1): Illegal Instruction Parameter
2026-01-31T11:31:49.811073+01:00 localhost kernel: NVRM: Xid (PCI:000f:01:00): 13, Graphics Exception: ESR 0x5197b0=0xb 0x5197b4=0x20 0x5197a8=0x1c81fb60 0x5197ac=0x1174
2026-01-31T11:31:49.812077+01:00 localhost kernel: NVRM: Xid (PCI:000f:01:00): 13, Graphics Exception: ESR 0x51a730=0x0 0x51a734=0x20 0x51a728=0x1c81fb60 0x51a72c=0x1174
2026-01-31T11:31:49.812081+01:00 localhost kernel: NVRM: Xid (PCI:000f:01:00): 13, Graphics SM Warp Exception on (GPC 1, TPC 5, SM 1): Illegal Instruction Parameter
2026-01-31T11:31:49.812082+01:00 localhost kernel: NVRM: Xid (PCI:000f:01:00): 13, Graphics Exception: ESR 0x51a7b0=0x2000b 0x51a7b4=0x20 0x51a7a8=0x1c81fb60 0x51a7ac=0x1174
2026-01-31T11:31:49.813063+01:00 localhost kernel: NVRM: Xid (PCI:000f:01:00): 13, Graphics Exception: ESR 0x525730=0x0 0x525734=0x20 0x525728=0x1c81fb60 0x52572c=0x1174
2026-01-31T11:31:49.813067+01:00 localhost kernel: NVRM: Xid (PCI:000f:01:00): 13, Graphics SM Warp Exception on (GPC 2, TPC 0, SM 1): Illegal Instruction Parameter
2026-01-31T11:31:49.813068+01:00 localhost kernel: NVRM: Xid (PCI:000f:01:00): 13, Graphics Exception: ESR 0x5257b0=0xb 0x5257b4=0x20 0x5257a8=0x1c81fb60 0x5257ac=0x1174
2026-01-31T11:31:49.813069+01:00 localhost kernel: NVRM: Xid (PCI:000f:01:00): 13, Graphics Exception: ESR 0x526730=0x0 0x526734=0x20 0x526728=0x1c81fb60 0x52672c=0x1174
2026-01-31T11:31:49.814197+01:00 localhost kernel: NVRM: Xid (PCI:000f:01:00): 13, Graphics SM Warp Exception on (GPC 2, TPC 1, SM 1): Illegal Instruction Parameter
2026-01-31T11:31:49.814210+01:00 localhost kernel: NVRM: Xid (PCI:000f:01:00): 13, Graphics Exception: ESR 0x5267b0=0x1000b 0x5267b4=0x20 0x5267a8=0x1c81fb60 0x5267ac=0x1174
2026-01-31T11:31:49.814211+01:00 localhost kernel: NVRM: Xid (PCI:000f:01:00): 13, Graphics Exception: ESR 0x527730=0x0 0x527734=0x20 0x527728=0x1c81fb60 0x52772c=0x1174
2026-01-31T11:31:49.814212+01:00 localhost kernel: NVRM: Xid (PCI:000f:01:00): 13, Graphics SM Warp Exception on (GPC 2, TPC 2, SM 1): Illegal Instruction Parameter
2026-01-31T11:31:49.814213+01:00 localhost kernel: NVRM: Xid (PCI:000f:01:00): 13, Graphics Exception: ESR 0x5277b0=0x1000b 0x5277b4=0x20 0x5277a8=0x1c81fb60 0x5277ac=0x1174
2026-01-31T11:31:49.815167+01:00 localhost kernel: NVRM: Xid (PCI:000f:01:00): 13, Graphics Exception: ESR 0x528730=0x0 0x528734=0x20 0x528728=0x1c81fb60 0x52872c=0x1174
2026-01-31T11:31:49.815179+01:00 localhost kernel: NVRM: Xid (PCI:000f:01:00): 13, Graphics SM Warp Exception on (GPC 2, TPC 3, SM 1): Illegal Instruction Parameter
2026-01-31T11:31:49.815180+01:00 localhost kernel: NVRM: Xid (PCI:000f:01:00): 13, Graphics Exception: ESR 0x5287b0=0x1000b 0x5287b4=0x20 0x5287a8=0x1c81fb60 0x5287ac=0x1174
2026-01-31T11:31:49.815181+01:00 localhost kernel: NVRM: Xid (PCI:000f:01:00): 13, Graphics Exception: ESR 0x529730=0x0 0x529734=0x20 0x529728=0x1c81fb60 0x52972c=0x1174
2026-01-31T11:31:49.816165+01:00 localhost kernel: NVRM: Xid (PCI:000f:01:00): 13, Graphics SM Warp Exception on (GPC 2, TPC 4, SM 1): Illegal Instruction Parameter
2026-01-31T11:31:49.816177+01:00 localhost kernel: NVRM: Xid (PCI:000f:01:00): 13, Graphics Exception: ESR 0x5297b0=0x1000b 0x5297b4=0x20 0x5297a8=0x1c81fb60 0x5297ac=0x1174
2026-01-31T11:31:49.816178+01:00 localhost kernel: NVRM: Xid (PCI:000f:01:00): 13, Graphics Exception: ESR 0x52a730=0x0 0x52a734=0x20 0x52a728=0x1c81fb60 0x52a72c=0x1174
2026-01-31T11:31:49.816179+01:00 localhost kernel: NVRM: Xid (PCI:000f:01:00): 13, Graphics SM Warp Exception on (GPC 2, TPC 5, SM 1): Illegal Instruction Parameter
2026-01-31T11:31:49.816180+01:00 localhost kernel: NVRM: Xid (PCI:000f:01:00): 13, Graphics Exception: ESR 0x52a7b0=0x2000b 0x52a7b4=0x20 0x52a7a8=0x1c81fb60 0x52a7ac=0x1174
2026-01-31T11:31:49.817068+01:00 localhost kernel: NVRM: Xid (PCI:000f:01:00): 13, Graphics Exception: ESR 0x535730=0x0 0x535734=0x20 0x535728=0x1c81fb60 0x53572c=0x1174
2026-01-31T11:31:49.817074+01:00 localhost kernel: NVRM: Xid (PCI:000f:01:00): 13, Graphics SM Warp Exception on (GPC 3, TPC 0, SM 1): Illegal Instruction Parameter
2026-01-31T11:31:49.817075+01:00 localhost kernel: NVRM: Xid (PCI:000f:01:00): 13, Graphics Exception: ESR 0x5357b0=0x2000b 0x5357b4=0x20 0x5357a8=0x1c81fb60 0x5357ac=0x1174
2026-01-31T11:31:49.818087+01:00 localhost kernel: NVRM: Xid (PCI:000f:01:00): 13, Graphics Exception: ESR 0x536730=0x0 0x536734=0x20 0x536728=0x1c81fb60 0x53672c=0x1174
2026-01-31T11:31:49.818092+01:00 localhost kernel: NVRM: Xid (PCI:000f:01:00): 13, Graphics SM Warp Exception on (GPC 3, TPC 1, SM 1): Illegal Instruction Parameter
2026-01-31T11:31:49.818093+01:00 localhost kernel: NVRM: Xid (PCI:000f:01:00): 13, Graphics Exception: ESR 0x5367b0=0x2000b 0x5367b4=0x20 0x5367a8=0x1c81fb60 0x5367ac=0x1174
2026-01-31T11:31:49.818094+01:00 localhost kernel: NVRM: Xid (PCI:000f:01:00): 13, Graphics Exception: ESR 0x537730=0x0 0x537734=0x20 0x537728=0x1c81fb60 0x53772c=0x1174
2026-01-31T11:31:49.819062+01:00 localhost kernel: NVRM: Xid (PCI:000f:01:00): 13, Graphics SM Warp Exception on (GPC 3, TPC 2, SM 1): Illegal Instruction Parameter
2026-01-31T11:31:49.819068+01:00 localhost kernel: NVRM: Xid (PCI:000f:01:00): 13, Graphics Exception: ESR 0x5377b0=0x3000b 0x5377b4=0x20 0x5377a8=0x1c81fb60 0x5377ac=0x1174
2026-01-31T11:31:49.819069+01:00 localhost kernel: NVRM: Xid (PCI:000f:01:00): 13, Graphics Exception: ESR 0x538730=0x0 0x538734=0x20 0x538728=0x1c81fb60 0x53872c=0x1174
2026-01-31T11:31:49.819070+01:00 localhost kernel: NVRM: Xid (PCI:000f:01:00): 13, Graphics SM Warp Exception on (GPC 3, TPC 3, SM 1): Illegal Instruction Parameter
2026-01-31T11:31:49.819071+01:00 localhost kernel: NVRM: Xid (PCI:000f:01:00): 13, Graphics Exception: ESR 0x5387b0=0xb 0x5387b4=0x20 0x5387a8=0x1c81fb60 0x5387ac=0x1174
2026-01-31T11:31:49.820168+01:00 localhost kernel: NVRM: Xid (PCI:000f:01:00): 13, Graphics Exception: ESR 0x539730=0x0 0x539734=0x20 0x539728=0x1c81fb60 0x53972c=0x1174
2026-01-31T11:31:49.820182+01:00 localhost kernel: NVRM: Xid (PCI:000f:01:00): 13, Graphics SM Warp Exception on (GPC 3, TPC 4, SM 1): Illegal Instruction Parameter
2026-01-31T11:31:49.820183+01:00 localhost kernel: NVRM: Xid (PCI:000f:01:00): 13, Graphics Exception: ESR 0x5397b0=0x3000b 0x5397b4=0x20 0x5397a8=0x1c81fb60 0x5397ac=0x1174
2026-01-31T11:31:49.820184+01:00 localhost kernel: NVRM: Xid (PCI:000f:01:00): 13, Graphics Exception: ESR 0x53a730=0x0 0x53a734=0x20 0x53a728=0x1c81fb60 0x53a72c=0x1174
2026-01-31T11:31:49.821067+01:00 localhost kernel: NVRM: Xid (PCI:000f:01:00): 13, Graphics SM Warp Exception on (GPC 3, TPC 5, SM 1): Illegal Instruction Parameter
2026-01-31T11:31:49.821072+01:00 localhost kernel: NVRM: Xid (PCI:000f:01:00): 13, Graphics Exception: ESR 0x53a7b0=0xb 0x53a7b4=0x20 0x53a7a8=0x1c81fb60 0x53a7ac=0x1174
2026-01-31T11:31:49.825178+01:00 localhost kernel: NVRM: Xid (PCI:000f:01:00): 43, pid=257060, name=python, channel 0x00000002
