2026-01-31T11:24:25.705258+01:00 localhost tailscaled[2126]: magicsock: endpoints changed: 109.81.2.241:22820 (stun), 109.81.2.241:47390 (stun), 109.81.2.241:41641 (stun4localport), 10.0.1.70:41641 (local), 10.10.10.2:41641 (local), 172.17.0.1:41641 (local), 172.18.0.1:41641 (local), 172.19.0.1:41641 (local), 172.20.0.1:41641 (local)
2026-01-31T11:25:01.667817+01:00 localhost CRON[234978]: (root) CMD (command -v debian-sa1 > /dev/null && debian-sa1 1 1)
2026-01-31T11:24:06.310443+01:00 localhost kernel: message repeated 3 times: [ NVRM: nvCheckOkFailedNoLog: Check failed: Out of memory [NV_ERR_NO_MEMORY] (0x00000051) returned from _memdescAllocInternal(pMemDesc) @ mem_desc.c:1359]
2026-01-31T11:25:13.097190+01:00 localhost kernel: NVRM: Xid (PCI:000f:01:00): 13, Graphics SM Warp Exception on (GPC 0, TPC 0, SM 1): Illegal Instruction Parameter
2026-01-31T11:25:13.097212+01:00 localhost kernel: NVRM: Xid (PCI:000f:01:00): 13, Graphics Exception: ESR 0x5057b0=0x1000b 0x5057b4=0x20 0x5057a8=0x1c81fb60 0x5057ac=0x1174
2026-01-31T11:25:13.097213+01:00 localhost kernel: NVRM: Xid (PCI:000f:01:00): 13, Graphics Exception: ESR 0x506730=0x0 0x506734=0x20 0x506728=0x1c81fb60 0x50672c=0x1174
2026-01-31T11:25:13.098177+01:00 localhost kernel: NVRM: Xid (PCI:000f:01:00): 13, Graphics SM Warp Exception on (GPC 0, TPC 1, SM 1): Illegal Instruction Parameter
2026-01-31T11:25:13.098192+01:00 localhost kernel: NVRM: Xid (PCI:000f:01:00): 13, Graphics Exception: ESR 0x5067b0=0x1000b 0x5067b4=0x20 0x5067a8=0x1c81fb60 0x5067ac=0x1174
2026-01-31T11:25:13.098193+01:00 localhost kernel: NVRM: Xid (PCI:000f:01:00): 13, Graphics Exception: ESR 0x507730=0x0 0x507734=0x20 0x507728=0x1c81fb60 0x50772c=0x1174
2026-01-31T11:25:13.099195+01:00 localhost kernel: NVRM: Xid (PCI:000f:01:00): 13, Graphics SM Warp Exception on (GPC 0, TPC 2, SM 1): Illegal Instruction Parameter
2026-01-31T11:25:13.099208+01:00 localhost kernel: NVRM: Xid (PCI:000f:01:00): 13, Graphics Exception: ESR 0x5077b0=0xb 0x5077b4=0x20 0x5077a8=0x1c81fb60 0x5077ac=0x1174
2026-01-31T11:25:13.099209+01:00 localhost kernel: NVRM: Xid (PCI:000f:01:00): 13, Graphics Exception: ESR 0x508730=0x0 0x508734=0x20 0x508728=0x1c81fb60 0x50872c=0x1174
2026-01-31T11:25:13.099210+01:00 localhost kernel: NVRM: Xid (PCI:000f:01:00): 13, Graphics SM Warp Exception on (GPC 0, TPC 3, SM 1): Illegal Instruction Parameter
2026-01-31T11:25:13.099211+01:00 localhost kernel: NVRM: Xid (PCI:000f:01:00): 13, Graphics Exception: ESR 0x5087b0=0xb 0x5087b4=0x20 0x5087a8=0x1c81fb60 0x5087ac=0x1174
2026-01-31T11:25:13.100159+01:00 localhost kernel: NVRM: Xid (PCI:000f:01:00): 13, Graphics Exception: ESR 0x509730=0x0 0x509734=0x20 0x509728=0x1c81fb60 0x50972c=0x1174
2026-01-31T11:25:13.100172+01:00 localhost kernel: NVRM: Xid (PCI:000f:01:00): 13, Graphics SM Warp Exception on (GPC 0, TPC 4, SM 1): Illegal Instruction Parameter
2026-01-31T11:25:13.100173+01:00 localhost kernel: NVRM: Xid (PCI:000f:01:00): 13, Graphics Exception: ESR 0x5097b0=0x2000b 0x5097b4=0x20 0x5097a8=0x1c81fb60 0x5097ac=0x1174
2026-01-31T11:25:13.101158+01:00 localhost kernel: NVRM: Xid (PCI:000f:01:00): 13, Graphics Exception: ESR 0x50a730=0x0 0x50a734=0x20 0x50a728=0x1c81fb60 0x50a72c=0x1174
2026-01-31T11:25:13.101169+01:00 localhost kernel: NVRM: Xid (PCI:000f:01:00): 13, Graphics SM Warp Exception on (GPC 0, TPC 5, SM 1): Illegal Instruction Parameter
2026-01-31T11:25:13.101170+01:00 localhost kernel: NVRM: Xid (PCI:000f:01:00): 13, Graphics Exception: ESR 0x50a7b0=0x3000b 0x50a7b4=0x20 0x50a7a8=0x1c81fb60 0x50a7ac=0x1174
2026-01-31T11:25:13.101171+01:00 localhost kernel: NVRM: Xid (PCI:000f:01:00): 13, Graphics Exception: ESR 0x515730=0x0 0x515734=0x20 0x515728=0x1c81fb60 0x51572c=0x1174
2026-01-31T11:25:13.102072+01:00 localhost kernel: NVRM: Xid (PCI:000f:01:00): 13, Graphics SM Warp Exception on (GPC 1, TPC 0, SM 1): Illegal Instruction Parameter
2026-01-31T11:25:13.102076+01:00 localhost kernel: NVRM: Xid (PCI:000f:01:00): 13, Graphics Exception: ESR 0x5157b0=0x3000b 0x5157b4=0x20 0x5157a8=0x1c81fb60 0x5157ac=0x1174
2026-01-31T11:25:13.102077+01:00 localhost kernel: NVRM: Xid (PCI:000f:01:00): 13, Graphics Exception: ESR 0x516730=0x0 0x516734=0x20 0x516728=0x1c81fb60 0x51672c=0x1174
2026-01-31T11:25:13.102079+01:00 localhost kernel: NVRM: Xid (PCI:000f:01:00): 13, Graphics SM Warp Exception on (GPC 1, TPC 1, SM 1): Illegal Instruction Parameter
2026-01-31T11:25:13.102079+01:00 localhost kernel: NVRM: Xid (PCI:000f:01:00): 13, Graphics Exception: ESR 0x5167b0=0x2000b 0x5167b4=0x20 0x5167a8=0x1c81fb60 0x5167ac=0x1174
2026-01-31T11:25:13.103077+01:00 localhost kernel: NVRM: Xid (PCI:000f:01:00): 13, Graphics Exception: ESR 0x517730=0x0 0x517734=0x20 0x517728=0x1c81fb60 0x51772c=0x1174
2026-01-31T11:25:13.103081+01:00 localhost kernel: NVRM: Xid (PCI:000f:01:00): 13, Graphics SM Warp Exception on (GPC 1, TPC 2, SM 1): Illegal Instruction Parameter
2026-01-31T11:25:13.103081+01:00 localhost kernel: NVRM: Xid (PCI:000f:01:00): 13, Graphics Exception: ESR 0x5177b0=0x1000b 0x5177b4=0x20 0x5177a8=0x1c81fb60 0x5177ac=0x1174
2026-01-31T11:25:13.104063+01:00 localhost kernel: NVRM: Xid (PCI:000f:01:00): 13, Graphics Exception: ESR 0x518730=0x0 0x518734=0x20 0x518728=0x1c81fb60 0x51872c=0x1174
2026-01-31T11:25:13.104066+01:00 localhost kernel: NVRM: Xid (PCI:000f:01:00): 13, Graphics SM Warp Exception on (GPC 1, TPC 3, SM 1): Illegal Instruction Parameter
2026-01-31T11:25:13.104066+01:00 localhost kernel: NVRM: Xid (PCI:000f:01:00): 13, Graphics Exception: ESR 0x5187b0=0x3000b 0x5187b4=0x20 0x5187a8=0x1c81fb60 0x5187ac=0x1174
2026-01-31T11:25:13.104067+01:00 localhost kernel: NVRM: Xid (PCI:000f:01:00): 13, Graphics Exception: ESR 0x519730=0x0 0x519734=0x20 0x519728=0x1c81fb60 0x51972c=0x1174
2026-01-31T11:25:13.105062+01:00 localhost kernel: NVRM: Xid (PCI:000f:01:00): 13, Graphics SM Warp Exception on (GPC 1, TPC 4, SM 1): Illegal Instruction Parameter
2026-01-31T11:25:13.105065+01:00 localhost kernel: NVRM: Xid (PCI:000f:01:00): 13, Graphics Exception: ESR 0x5197b0=0xb 0x5197b4=0x20 0x5197a8=0x1c81fb60 0x5197ac=0x1174
2026-01-31T11:25:13.105066+01:00 localhost kernel: NVRM: Xid (PCI:000f:01:00): 13, Graphics Exception: ESR 0x51a730=0x0 0x51a734=0x20 0x51a728=0x1c81fb60 0x51a72c=0x1174
2026-01-31T11:25:13.105067+01:00 localhost kernel: NVRM: Xid (PCI:000f:01:00): 13, Graphics SM Warp Exception on (GPC 1, TPC 5, SM 1): Illegal Instruction Parameter
2026-01-31T11:25:13.105068+01:00 localhost kernel: NVRM: Xid (PCI:000f:01:00): 13, Graphics Exception: ESR 0x51a7b0=0xb 0x51a7b4=0x20 0x51a7a8=0x1c81fb60 0x51a7ac=0x1174
2026-01-31T11:25:13.106062+01:00 localhost kernel: NVRM: Xid (PCI:000f:01:00): 13, Graphics Exception: ESR 0x525730=0x0 0x525734=0x20 0x525728=0x1c81fb60 0x52572c=0x1174
2026-01-31T11:25:13.106065+01:00 localhost kernel: NVRM: Xid (PCI:000f:01:00): 13, Graphics SM Warp Exception on (GPC 2, TPC 0, SM 1): Illegal Instruction Parameter
2026-01-31T11:25:13.106065+01:00 localhost kernel: NVRM: Xid (PCI:000f:01:00): 13, Graphics Exception: ESR 0x5257b0=0x2000b 0x5257b4=0x20 0x5257a8=0x1c81fb60 0x5257ac=0x1174
2026-01-31T11:25:13.106066+01:00 localhost kernel: NVRM: Xid (PCI:000f:01:00): 13, Graphics Exception: ESR 0x526730=0x0 0x526734=0x20 0x526728=0x1c81fb60 0x52672c=0x1174
2026-01-31T11:25:13.107069+01:00 localhost kernel: NVRM: Xid (PCI:000f:01:00): 13, Graphics SM Warp Exception on (GPC 2, TPC 1, SM 1): Illegal Instruction Parameter
2026-01-31T11:25:13.107072+01:00 localhost kernel: NVRM: Xid (PCI:000f:01:00): 13, Graphics Exception: ESR 0x5267b0=0xb 0x5267b4=0x20 0x5267a8=0x1c81fb60 0x5267ac=0x1174
2026-01-31T11:25:13.107073+01:00 localhost kernel: NVRM: Xid (PCI:000f:01:00): 13, Graphics Exception: ESR 0x527730=0x0 0x527734=0x20 0x527728=0x1c81fb60 0x52772c=0x1174
2026-01-31T11:25:13.107074+01:00 localhost kernel: NVRM: Xid (PCI:000f:01:00): 13, Graphics SM Warp Exception on (GPC 2, TPC 2, SM 1): Illegal Instruction Parameter
2026-01-31T11:25:13.108062+01:00 localhost kernel: NVRM: Xid (PCI:000f:01:00): 13, Graphics Exception: ESR 0x5277b0=0x3000b 0x5277b4=0x20 0x5277a8=0x1c81fb60 0x5277ac=0x1174
2026-01-31T11:25:13.108065+01:00 localhost kernel: NVRM: Xid (PCI:000f:01:00): 13, Graphics Exception: ESR 0x528730=0x0 0x528734=0x20 0x528728=0x1c81fb60 0x52872c=0x1174
2026-01-31T11:25:13.108066+01:00 localhost kernel: NVRM: Xid (PCI:000f:01:00): 13, Graphics SM Warp Exception on (GPC 2, TPC 3, SM 1): Illegal Instruction Parameter
2026-01-31T11:25:13.108066+01:00 localhost kernel: NVRM: Xid (PCI:000f:01:00): 13, Graphics Exception: ESR 0x5287b0=0xb 0x5287b4=0x20 0x5287a8=0x1c81fb60 0x5287ac=0x1174
2026-01-31T11:25:13.109062+01:00 localhost kernel: NVRM: Xid (PCI:000f:01:00): 13, Graphics Exception: ESR 0x529730=0x0 0x529734=0x20 0x529728=0x1c81fb60 0x52972c=0x1174
2026-01-31T11:25:13.109064+01:00 localhost kernel: NVRM: Xid (PCI:000f:01:00): 13, Graphics SM Warp Exception on (GPC 2, TPC 4, SM 1): Illegal Instruction Parameter
2026-01-31T11:25:13.109065+01:00 localhost kernel: NVRM: Xid (PCI:000f:01:00): 13, Graphics Exception: ESR 0x5297b0=0xb 0x5297b4=0x20 0x5297a8=0x1c81fb60 0x5297ac=0x1174
2026-01-31T11:25:13.109065+01:00 localhost kernel: NVRM: Xid (PCI:000f:01:00): 13, Graphics Exception: ESR 0x52a730=0x0 0x52a734=0x20 0x52a728=0x1c81fb60 0x52a72c=0x1174
2026-01-31T11:25:13.110062+01:00 localhost kernel: NVRM: Xid (PCI:000f:01:00): 13, Graphics SM Warp Exception on (GPC 2, TPC 5, SM 1): Illegal Instruction Parameter
2026-01-31T11:25:13.110065+01:00 localhost kernel: NVRM: Xid (PCI:000f:01:00): 13, Graphics Exception: ESR 0x52a7b0=0x3000b 0x52a7b4=0x20 0x52a7a8=0x1c81fb60 0x52a7ac=0x1174
2026-01-31T11:25:13.110066+01:00 localhost kernel: NVRM: Xid (PCI:000f:01:00): 13, Graphics Exception: ESR 0x535730=0x0 0x535734=0x20 0x535728=0x1c81fb60 0x53572c=0x1174
2026-01-31T11:25:13.110066+01:00 localhost kernel: NVRM: Xid (PCI:000f:01:00): 13, Graphics SM Warp Exception on (GPC 3, TPC 0, SM 1): Illegal Instruction Parameter
2026-01-31T11:25:13.110068+01:00 localhost kernel: NVRM: Xid (PCI:000f:01:00): 13, Graphics Exception: ESR 0x5357b0=0x2000b 0x5357b4=0x20 0x5357a8=0x1c81fb60 0x5357ac=0x1174
2026-01-31T11:25:13.111063+01:00 localhost kernel: NVRM: Xid (PCI:000f:01:00): 13, Graphics Exception: ESR 0x536730=0x0 0x536734=0x20 0x536728=0x1c81fb60 0x53672c=0x1174
2026-01-31T11:25:13.111067+01:00 localhost kernel: NVRM: Xid (PCI:000f:01:00): 13, Graphics SM Warp Exception on (GPC 3, TPC 1, SM 1): Illegal Instruction Parameter
2026-01-31T11:25:13.111067+01:00 localhost kernel: NVRM: Xid (PCI:000f:01:00): 13, Graphics Exception: ESR 0x5367b0=0x1000b 0x5367b4=0x20 0x5367a8=0x1c81fb60 0x5367ac=0x1174
2026-01-31T11:25:13.111068+01:00 localhost kernel: NVRM: Xid (PCI:000f:01:00): 13, Graphics Exception: ESR 0x537730=0x0 0x537734=0x20 0x537728=0x1c81fb60 0x53772c=0x1174
2026-01-31T11:25:13.112183+01:00 localhost kernel: NVRM: Xid (PCI:000f:01:00): 13, Graphics SM Warp Exception on (GPC 3, TPC 2, SM 1): Illegal Instruction Parameter
2026-01-31T11:25:13.112192+01:00 localhost kernel: NVRM: Xid (PCI:000f:01:00): 13, Graphics Exception: ESR 0x5377b0=0x3000b 0x5377b4=0x20 0x5377a8=0x1c81fb60 0x5377ac=0x1174
2026-01-31T11:25:13.112193+01:00 localhost kernel: NVRM: Xid (PCI:000f:01:00): 13, Graphics Exception: ESR 0x538730=0x0 0x538734=0x20 0x538728=0x1c81fb60 0x53872c=0x1174
2026-01-31T11:25:13.112193+01:00 localhost kernel: NVRM: Xid (PCI:000f:01:00): 13, Graphics SM Warp Exception on (GPC 3, TPC 3, SM 1): Illegal Instruction Parameter
2026-01-31T11:25:13.112196+01:00 localhost kernel: NVRM: Xid (PCI:000f:01:00): 13, Graphics Exception: ESR 0x5387b0=0x3000b 0x5387b4=0x20 0x5387a8=0x1c81fb60 0x5387ac=0x1174
2026-01-31T11:25:13.113067+01:00 localhost kernel: NVRM: Xid (PCI:000f:01:00): 13, Graphics Exception: ESR 0x539730=0x0 0x539734=0x20 0x539728=0x1c81fb60 0x53972c=0x1174
2026-01-31T11:25:13.113070+01:00 localhost kernel: NVRM: Xid (PCI:000f:01:00): 13, Graphics SM Warp Exception on (GPC 3, TPC 4, SM 1): Illegal Instruction Parameter
2026-01-31T11:25:13.113071+01:00 localhost kernel: NVRM: Xid (PCI:000f:01:00): 13, Graphics Exception: ESR 0x5397b0=0xb 0x5397b4=0x20 0x5397a8=0x1c81fb60 0x5397ac=0x1174
2026-01-31T11:25:13.114062+01:00 localhost kernel: NVRM: Xid (PCI:000f:01:00): 13, Graphics Exception: ESR 0x53a730=0x0 0x53a734=0x20 0x53a728=0x1c81fb60 0x53a72c=0x1174
2026-01-31T11:25:13.114065+01:00 localhost kernel: NVRM: Xid (PCI:000f:01:00): 13, Graphics SM Warp Exception on (GPC 3, TPC 5, SM 1): Illegal Instruction Parameter
2026-01-31T11:25:13.114066+01:00 localhost kernel: NVRM: Xid (PCI:000f:01:00): 13, Graphics Exception: ESR 0x53a7b0=0xb 0x53a7b4=0x20 0x53a7a8=0x1c81fb60 0x53a7ac=0x1174
2026-01-31T11:25:13.119164+01:00 localhost kernel: NVRM: Xid (PCI:000f:01:00): 43, pid=233720, name=python, channel 0x00000002
2026-01-31T11:26:44.433692+01:00 localhost wpa_supplicant[1797]: wlP9s9: CTRL-EVENT-REGDOM-CHANGE init=DRIVER type=INTERSECTION
2026-01-31T11:26:44.433983+01:00 localhost wpa_supplicant[1797]: wlP9s9: CTRL-EVENT-REGDOM-CHANGE init=DRIVER type=INTERSECTION
2026-01-31T11:26:46.717005+01:00 localhost NetworkManager[1792]: <info>  [1769855206.7166] policy: auto-activating connection 'Wired connection 2' (99bed142-bcf3-3997-b8cd-5f73e28ef8a6)
2026-01-31T11:26:46.717186+01:00 localhost NetworkManager[1792]: <info>  [1769855206.7170] device (enP2p1s0f1np1): Activation: starting connection 'Wired connection 2' (99bed142-bcf3-3997-b8cd-5f73e28ef8a6)
2026-01-31T11:26:46.717242+01:00 localhost NetworkManager[1792]: <info>  [1769855206.7170] device (enP2p1s0f1np1): state change: disconnected -> prepare (reason 'none', sys-iface-state: 'managed')
2026-01-31T11:26:46.717282+01:00 localhost NetworkManager[1792]: <info>  [1769855206.7172] device (enP2p1s0f1np1): state change: prepare -> config (reason 'none', sys-iface-state: 'managed')
2026-01-31T11:26:46.717581+01:00 localhost NetworkManager[1792]: <info>  [1769855206.7175] device (enP2p1s0f1np1): state change: config -> ip-config (reason 'none', sys-iface-state: 'managed')
2026-01-31T11:26:46.717885+01:00 localhost NetworkManager[1792]: <info>  [1769855206.7178] dhcp4 (enP2p1s0f1np1): activation: beginning transaction (timeout in 45 seconds)
2026-01-31T11:26:46.718086+01:00 localhost tailscaled[2126]: monitor: RTM_DELROUTE: src=, dst=ff00::/8, gw=, outif=6, table=255
2026-01-31T11:26:46.718412+01:00 localhost avahi-daemon[1637]: Joining mDNS multicast group on interface enP2p1s0f1np1.IPv6 with address fe80::aa89:8bbe:e26b:3efe.
2026-01-31T11:26:46.718514+01:00 localhost avahi-daemon[1637]: New relevant interface enP2p1s0f1np1.IPv6 for mDNS.
2026-01-31T11:26:46.718540+01:00 localhost avahi-daemon[1637]: Registering new address record for fe80::aa89:8bbe:e26b:3efe on enP2p1s0f1np1.*.
2026-01-31T11:26:48.521568+01:00 localhost systemd-networkd[1457]: enP2p1s0f1np1: Gained IPv6LL
2026-01-31T11:27:31.719370+01:00 localhost NetworkManager[1792]: <info>  [1769855251.7189] device (enP2p1s0f1np1): state change: ip-config -> failed (reason 'ip-config-unavailable', sys-iface-state: 'managed')
2026-01-31T11:27:31.719835+01:00 localhost NetworkManager[1792]: <warn>  [1769855251.7192] device (enP2p1s0f1np1): Activation: failed for connection 'Wired connection 2'
2026-01-31T11:27:31.720007+01:00 localhost avahi-daemon[1637]: Withdrawing address record for fe80::aa89:8bbe:e26b:3efe on enP2p1s0f1np1.
2026-01-31T11:27:31.720247+01:00 localhost tailscaled[2126]: monitor: RTM_DELROUTE: src=, dst=fe80::/64, gw=, outif=6, table=254
2026-01-31T11:27:31.720322+01:00 localhost tailscaled[2126]: monitor: RTM_DELROUTE: src=, dst=fe80::aa89:8bbe:e26b:3efe/128, gw=, outif=6, table=255
2026-01-31T11:27:31.720334+01:00 localhost tailscaled[2126]: monitor: RTM_DELROUTE: src=, dst=ff00::/8, gw=, outif=6, table=255
2026-01-31T11:27:31.720357+01:00 localhost NetworkManager[1792]: <info>  [1769855251.7193] device (enP2p1s0f1np1): state change: failed -> disconnected (reason 'none', sys-iface-state: 'managed')
2026-01-31T11:27:31.720392+01:00 localhost avahi-daemon[1637]: Leaving mDNS multicast group on interface enP2p1s0f1np1.IPv6 with address fe80::aa89:8bbe:e26b:3efe.
2026-01-31T11:27:31.720414+01:00 localhost NetworkManager[1792]: <info>  [1769855251.7201] dhcp4 (enP2p1s0f1np1): canceled DHCP transaction
2026-01-31T11:27:31.720463+01:00 localhost avahi-daemon[1637]: Interface enP2p1s0f1np1.IPv6 no longer relevant for mDNS.
2026-01-31T11:27:31.720484+01:00 localhost NetworkManager[1792]: <info>  [1769855251.7201] dhcp4 (enP2p1s0f1np1): activation: beginning transaction (timeout in 45 seconds)
2026-01-31T11:27:31.720517+01:00 localhost NetworkManager[1792]: <info>  [1769855251.7201] dhcp4 (enP2p1s0f1np1): state changed no lease
2026-01-31T11:27:31.720812+01:00 localhost NetworkManager[1792]: <info>  [1769855251.7207] policy: auto-activating connection 'Wired connection 2' (99bed142-bcf3-3997-b8cd-5f73e28ef8a6)
2026-01-31T11:27:31.721091+01:00 localhost NetworkManager[1792]: <info>  [1769855251.7210] device (enP2p1s0f1np1): Activation: starting connection 'Wired connection 2' (99bed142-bcf3-3997-b8cd-5f73e28ef8a6)
2026-01-31T11:27:31.721131+01:00 localhost NetworkManager[1792]: <info>  [1769855251.7211] device (enP2p1s0f1np1): state change: disconnected -> prepare (reason 'none', sys-iface-state: 'managed')
2026-01-31T11:27:31.721315+01:00 localhost NetworkManager[1792]: <info>  [1769855251.7212] device (enP2p1s0f1np1): state change: prepare -> config (reason 'none', sys-iface-state: 'managed')
2026-01-31T11:27:31.721647+01:00 localhost NetworkManager[1792]: <info>  [1769855251.7216] device (enP2p1s0f1np1): state change: config -> ip-config (reason 'none', sys-iface-state: 'managed')
2026-01-31T11:27:31.721809+01:00 localhost tailscaled[2126]: monitor: RTM_DELROUTE: src=, dst=ff00::/8, gw=, outif=6, table=255
2026-01-31T11:27:31.721870+01:00 localhost NetworkManager[1792]: <info>  [1769855251.7218] dhcp4 (enP2p1s0f1np1): activation: beginning transaction (timeout in 45 seconds)
2026-01-31T11:27:31.722834+01:00 localhost avahi-daemon[1637]: Joining mDNS multicast group on interface enP2p1s0f1np1.IPv6 with address fe80::aa89:8bbe:e26b:3efe.
2026-01-31T11:27:31.722867+01:00 localhost avahi-daemon[1637]: New relevant interface enP2p1s0f1np1.IPv6 for mDNS.
2026-01-31T11:27:31.722885+01:00 localhost avahi-daemon[1637]: Registering new address record for fe80::aa89:8bbe:e26b:3efe on enP2p1s0f1np1.*.
2026-01-31T11:27:32.809482+01:00 localhost systemd-networkd[1457]: enP2p1s0f1np1: Gained IPv6LL
2026-01-31T11:28:16.716436+01:00 localhost NetworkManager[1792]: <info>  [1769855296.7158] device (enP2p1s0f1np1): state change: ip-config -> failed (reason 'ip-config-unavailable', sys-iface-state: 'managed')
2026-01-31T11:28:16.716858+01:00 localhost NetworkManager[1792]: <warn>  [1769855296.7163] device (enP2p1s0f1np1): Activation: failed for connection 'Wired connection 2'
2026-01-31T11:28:16.716974+01:00 localhost avahi-daemon[1637]: Withdrawing address record for fe80::aa89:8bbe:e26b:3efe on enP2p1s0f1np1.
2026-01-31T11:28:16.717121+01:00 localhost tailscaled[2126]: monitor: RTM_DELROUTE: src=, dst=fe80::/64, gw=, outif=6, table=254
2026-01-31T11:28:16.717155+01:00 localhost tailscaled[2126]: monitor: RTM_DELROUTE: src=, dst=fe80::aa89:8bbe:e26b:3efe/128, gw=, outif=6, table=255
2026-01-31T11:28:16.717162+01:00 localhost tailscaled[2126]: monitor: RTM_DELROUTE: src=, dst=ff00::/8, gw=, outif=6, table=255
2026-01-31T11:28:16.717174+01:00 localhost NetworkManager[1792]: <info>  [1769855296.7164] device (enP2p1s0f1np1): state change: failed -> disconnected (reason 'none', sys-iface-state: 'managed')
2026-01-31T11:28:16.717203+01:00 localhost avahi-daemon[1637]: Leaving mDNS multicast group on interface enP2p1s0f1np1.IPv6 with address fe80::aa89:8bbe:e26b:3efe.
2026-01-31T11:28:16.717216+01:00 localhost avahi-daemon[1637]: Interface enP2p1s0f1np1.IPv6 no longer relevant for mDNS.
2026-01-31T11:28:16.733118+01:00 localhost NetworkManager[1792]: <info>  [1769855296.7330] dhcp4 (enP2p1s0f1np1): canceled DHCP transaction
2026-01-31T11:28:16.733142+01:00 localhost NetworkManager[1792]: <info>  [1769855296.7331] dhcp4 (enP2p1s0f1np1): activation: beginning transaction (timeout in 45 seconds)
2026-01-31T11:28:16.733165+01:00 localhost NetworkManager[1792]: <info>  [1769855296.7331] dhcp4 (enP2p1s0f1np1): state changed no lease
2026-01-31T11:28:16.733838+01:00 localhost NetworkManager[1792]: <info>  [1769855296.7338] policy: auto-activating connection 'Wired connection 2' (99bed142-bcf3-3997-b8cd-5f73e28ef8a6)
2026-01-31T11:28:16.734144+01:00 localhost NetworkManager[1792]: <info>  [1769855296.7341] device (enP2p1s0f1np1): Activation: starting connection 'Wired connection 2' (99bed142-bcf3-3997-b8cd-5f73e28ef8a6)
2026-01-31T11:28:16.734189+01:00 localhost NetworkManager[1792]: <info>  [1769855296.7341] device (enP2p1s0f1np1): state change: disconnected -> prepare (reason 'none', sys-iface-state: 'managed')
2026-01-31T11:28:16.734344+01:00 localhost NetworkManager[1792]: <info>  [1769855296.7343] device (enP2p1s0f1np1): state change: prepare -> config (reason 'none', sys-iface-state: 'managed')
2026-01-31T11:28:16.734650+01:00 localhost NetworkManager[1792]: <info>  [1769855296.7346] device (enP2p1s0f1np1): state change: config -> ip-config (reason 'none', sys-iface-state: 'managed')
2026-01-31T11:28:16.734859+01:00 localhost NetworkManager[1792]: <info>  [1769855296.7348] dhcp4 (enP2p1s0f1np1): activation: beginning transaction (timeout in 45 seconds)
2026-01-31T11:28:16.734899+01:00 localhost tailscaled[2126]: monitor: RTM_DELROUTE: src=, dst=ff00::/8, gw=, outif=6, table=255
2026-01-31T11:28:16.735891+01:00 localhost avahi-daemon[1637]: Joining mDNS multicast group on interface enP2p1s0f1np1.IPv6 with address fe80::aa89:8bbe:e26b:3efe.
2026-01-31T11:28:16.735920+01:00 localhost avahi-daemon[1637]: New relevant interface enP2p1s0f1np1.IPv6 for mDNS.
2026-01-31T11:28:16.735943+01:00 localhost avahi-daemon[1637]: Registering new address record for fe80::aa89:8bbe:e26b:3efe on enP2p1s0f1np1.*.
2026-01-31T11:28:18.184714+01:00 localhost systemd-networkd[1457]: enP2p1s0f1np1: Gained IPv6LL
2026-01-31T11:28:24.466454+01:00 localhost kernel: NVRM: nvCheckOkFailedNoLog: Check failed: Out of memory [NV_ERR_NO_MEMORY] (0x00000051) returned from _memdescAllocInternal(pMemDesc) @ mem_desc.c:1359
