2026-01-31T11:28:16.716436+01:00 localhost NetworkManager[1792]: <info>  [1769855296.7158] device (enP2p1s0f1np1): state change: ip-config -> failed (reason 'ip-config-unavailable', sys-iface-state: 'managed')
2026-01-31T11:28:16.716858+01:00 localhost NetworkManager[1792]: <warn>  [1769855296.7163] device (enP2p1s0f1np1): Activation: failed for connection 'Wired connection 2'
2026-01-31T11:28:16.716974+01:00 localhost avahi-daemon[1637]: Withdrawing address record for fe80::aa89:8bbe:e26b:3efe on enP2p1s0f1np1.
2026-01-31T11:28:16.717121+01:00 localhost tailscaled[2126]: monitor: RTM_DELROUTE: src=, dst=fe80::/64, gw=, outif=6, table=254
2026-01-31T11:28:16.717155+01:00 localhost tailscaled[2126]: monitor: RTM_DELROUTE: src=, dst=fe80::aa89:8bbe:e26b:3efe/128, gw=, outif=6, table=255
2026-01-31T11:28:16.717162+01:00 localhost tailscaled[2126]: monitor: RTM_DELROUTE: src=, dst=ff00::/8, gw=, outif=6, table=255
2026-01-31T11:28:16.717174+01:00 localhost NetworkManager[1792]: <info>  [1769855296.7164] device (enP2p1s0f1np1): state change: failed -> disconnected (reason 'none', sys-iface-state: 'managed')
2026-01-31T11:28:16.717203+01:00 localhost avahi-daemon[1637]: Leaving mDNS multicast group on interface enP2p1s0f1np1.IPv6 with address fe80::aa89:8bbe:e26b:3efe.
2026-01-31T11:28:16.717216+01:00 localhost avahi-daemon[1637]: Interface enP2p1s0f1np1.IPv6 no longer relevant for mDNS.
2026-01-31T11:28:16.733118+01:00 localhost NetworkManager[1792]: <info>  [1769855296.7330] dhcp4 (enP2p1s0f1np1): canceled DHCP transaction
2026-01-31T11:28:16.733142+01:00 localhost NetworkManager[1792]: <info>  [1769855296.7331] dhcp4 (enP2p1s0f1np1): activation: beginning transaction (timeout in 45 seconds)
2026-01-31T11:28:16.733165+01:00 localhost NetworkManager[1792]: <info>  [1769855296.7331] dhcp4 (enP2p1s0f1np1): state changed no lease
2026-01-31T11:28:16.733838+01:00 localhost NetworkManager[1792]: <info>  [1769855296.7338] policy: auto-activating connection 'Wired connection 2' (99bed142-bcf3-3997-b8cd-5f73e28ef8a6)
2026-01-31T11:28:16.734144+01:00 localhost NetworkManager[1792]: <info>  [1769855296.7341] device (enP2p1s0f1np1): Activation: starting connection 'Wired connection 2' (99bed142-bcf3-3997-b8cd-5f73e28ef8a6)
2026-01-31T11:28:16.734189+01:00 localhost NetworkManager[1792]: <info>  [1769855296.7341] device (enP2p1s0f1np1): state change: disconnected -> prepare (reason 'none', sys-iface-state: 'managed')
2026-01-31T11:28:16.734344+01:00 localhost NetworkManager[1792]: <info>  [1769855296.7343] device (enP2p1s0f1np1): state change: prepare -> config (reason 'none', sys-iface-state: 'managed')
2026-01-31T11:28:16.734650+01:00 localhost NetworkManager[1792]: <info>  [1769855296.7346] device (enP2p1s0f1np1): state change: config -> ip-config (reason 'none', sys-iface-state: 'managed')
2026-01-31T11:28:16.734859+01:00 localhost NetworkManager[1792]: <info>  [1769855296.7348] dhcp4 (enP2p1s0f1np1): activation: beginning transaction (timeout in 45 seconds)
2026-01-31T11:28:16.734899+01:00 localhost tailscaled[2126]: monitor: RTM_DELROUTE: src=, dst=ff00::/8, gw=, outif=6, table=255
2026-01-31T11:28:16.735891+01:00 localhost avahi-daemon[1637]: Joining mDNS multicast group on interface enP2p1s0f1np1.IPv6 with address fe80::aa89:8bbe:e26b:3efe.
2026-01-31T11:28:16.735920+01:00 localhost avahi-daemon[1637]: New relevant interface enP2p1s0f1np1.IPv6 for mDNS.
2026-01-31T11:28:16.735943+01:00 localhost avahi-daemon[1637]: Registering new address record for fe80::aa89:8bbe:e26b:3efe on enP2p1s0f1np1.*.
2026-01-31T11:28:18.184714+01:00 localhost systemd-networkd[1457]: enP2p1s0f1np1: Gained IPv6LL
2026-01-31T11:28:24.466454+01:00 localhost kernel: NVRM: nvCheckOkFailedNoLog: Check failed: Out of memory [NV_ERR_NO_MEMORY] (0x00000051) returned from _memdescAllocInternal(pMemDesc) @ mem_desc.c:1359
