Config: hidden=2944, inter=7680, experts=8, top_k=2, tokens=4

--- Testing UNFUSED (fuse_activation=False) ---
  OK: output shape=torch.Size([4, 2944]), abs_max=0.3906

--- Testing FUSED (fuse_activation=True) ---
[GATED TMA UPDATE] batch=0 A=0x32ee18580 B=0xe779e0000000 SFA=0x32ee63680 SFB=0xe779eac80000 Aux=0xe779e0ac8000 SFAux=0xe779ead2c800
[GATED TMA DIAG] group=0 M=1 N=7680 K=2944
[GATED TMA DIAG] A   shape=(2944,1,1,1,1) stride=(1,2944,0,0,0)
[GATED TMA DIAG] B   shape=(2944,7680,1,1,1) stride=(0,1472,0,0,0)
[GATED TMA DIAG] Aux shape=(2944,7680,1,1,1) stride=(0,1472,0,0,0)
[GATED TMA DIAG] SFA shape=(512,1,23,1,1) stride=(1,11776,512,11776,0)
[GATED TMA DIAG] SFB shape=(512,60,23,1,1) stride=(1,11776,512,706560,0)
[GATED TMA DIAG] SFAux shape=(512,60,23,1,1) stride=(1,11776,512,706560,0)
[GATED TMA DIAG] Addrs: A=0x32ee18580 B=0xe779e0000000 Aux=0xe779e0ac8000 SFA=0x32ee63680 SFB=0xe779eac80000 SFAux=0xe779ead2c800
[GATED TMA UPDATE] batch=1 A=0x32ee19100 B=0xe779e1590000 SFA=0x32ee66480 SFB=0xe779eadd9000 Aux=0xe779e2058000 SFAux=0xe779eae85800
[GATED TMA DIAG] group=1 M=2 N=7680 K=2944
[GATED TMA DIAG] A   shape=(2944,2,1,1,1) stride=(1,2944,0,0,0)
[GATED TMA DIAG] B   shape=(2944,7680,1,1,1) stride=(0,1472,0,0,0)
[GATED TMA DIAG] Aux shape=(2944,7680,1,1,1) stride=(0,1472,0,0,0)
[GATED TMA DIAG] SFA shape=(512,1,23,1,1) stride=(1,11776,512,11776,0)
[GATED TMA DIAG] SFB shape=(512,60,23,1,1) stride=(1,11776,512,706560,0)
[GATED TMA DIAG] SFAux shape=(512,60,23,1,1) stride=(1,11776,512,706560,0)
[GATED TMA DIAG] Addrs: A=0x32ee19100 B=0xe779e1590000 Aux=0xe779e2058000 SFA=0x32ee66480 SFB=0xe779eadd9000 SFAux=0xe779eae85800
[GATED TMA UPDATE] batch=2 A=0x32ee1a800 B=0xe779e2b20000 SFA=0x32ee6c080 SFB=0xe779eaf32000 Aux=0xe779e35e8000 SFAux=0xe779eafde800
[GATED TMA DIAG] group=2 M=2 N=7680 K=2944
[GATED TMA DIAG] A   shape=(2944,2,1,1,1) stride=(1,2944,0,0,0)
[GATED TMA DIAG] B   shape=(2944,7680,1,1,1) stride=(0,1472,0,0,0)
[GATED TMA DIAG] Aux shape=(2944,7680,1,1,1) stride=(0,1472,0,0,0)
[GATED TMA DIAG] SFA shape=(512,1,23,1,1) stride=(1,11776,512,11776,0)
  FAILED: CUDA error: an illegal instruction was encountered
Search for `cudaErrorIllegalInstruction' in https://docs.nvidia.com/cuda/cuda-runtime-api/group__CUDART__TYPES.html for more information.
CUDA kernel errors might be asynchronously reported at some other API call, so the stacktrace below might be incorrect.
For debugging consider passing CUDA_LAUNCH_BLOCKING=1
Compile with `TORCH_USE_CUDA_DSA` to enable device-side assertions.


Done.
