========= COMPUTE-SANITIZER
Config: hidden=2944, inter=7680, experts=8, top_k=2, tokens=4

--- Testing UNFUSED (fuse_activation=False) ---
========= Uninitialized __global__ memory read of size 4 bytes
=========     at void tensorrt_llm::kernels::cutlass_kernels::doActivationKernel<__nv_fp8_e4m3, __nv_bfloat16, __nv_bfloat16, tensorrt_llm::kernels::cutlass_kernels::GLUAdaptor<cutlass::epilogue::thread::SiLu>, (tensorrt_llm::kernels::cutlass_kernels::TmaWarpSpecializedGroupedGemmInput::FpXBlockScalingType)0>(T1 *, const T2 *, const float *, const T3 *, bool, const long *, int, long, const float *, bool, unsigned char *, tensorrt_llm::kernels::cutlass_kernels::ActivationParams)+0xbc0
=========     by thread (128,0,0) in block (0,0,0)
=========     Address 0xfa722ba25780
=========     Saved host backtrace up to driver entry point at kernel launch time
=========         Host Frame:  [0x18aaf] in libcudart.so.13
=========         Host Frame: cudaLaunchKernelExC [0x7674f] in libcudart.so.13
=========         Host Frame: void tensorrt_llm::kernels::cutlass_kernels::doActivation<__nv_fp8_e4m3, __nv_bfloat16, __nv_bfloat16>(__nv_fp8_e4m3*, __nv_bfloat16 const*, float const*, __nv_bfloat16 const*, bool, long const*, int, long, long, tensorrt_llm::kernels::cutlass_kernels::ActivationParams, tensorrt_llm::kernels::cutlass_kernels::QuantParams const&, bool, unsigned char*, bool, CUstream_st*) [0x1ce8a7] in fused_moe_120_M64N128_mxfp4min.so
=========         Host Frame: tensorrt_llm::kernels::cutlass_kernels::CutlassMoeFCRunner<__nv_fp8_e4m3, __nv_fp4_e2m1, __nv_bfloat16, __nv_fp8_e4m3, __nv_bfloat16, void>::gemm1(tensorrt_llm::kernels::cutlass_kernels::MoeGemmRunner<__nv_fp8_e4m3, __nv_fp4_e2m1, __nv_bfloat16, __nv_bfloat16>&, tensorrt_llm::kernels::fp8_blockscale_gemm::CutlassFp8BlockScaleGemmRunnerInterface*, __nv_fp8_e4m3 const*, __nv_fp8_e4m3*, void*, long const*, tensorrt_llm::kernels::cutlass_kernels::TmaWarpSpecializedGroupedGemmInput, __nv_fp4_e2m1 const*, __nv_bfloat16 const*, long const*, __nv_bfloat16 const*, float const*, float const*, unsigned char const*, unsigned char*, tensorrt_llm::kernels::cutlass_kernels::QuantParams, long, long, long, long, int, tensorrt_llm::kernels::cutlass_kernels::ActivationParams, float const**, bool, CUstream_st*, tensorrt_llm::cutlass_extensions::CutlassGemmConfig, bool, int*, int*, bool) [0x1d00c3] in fused_moe_120_M64N128_mxfp4min.so
=========         Host Frame: tensorrt_llm::kernels::cutlass_kernels::CutlassMoeFCRunner<__nv_fp8_e4m3, __nv_fp4_e2m1, __nv_bfloat16, __nv_fp8_e4m3, __nv_bfloat16, void>::runMoe(void const*, void const*, bool, int const*, float const*, void const*, void const*, tensorrt_llm::kernels::cutlass_kernels::ActivationParams, void const*, void const*, tensorrt_llm::kernels::cutlass_kernels::QuantParams, long, long, long, long, int, int, char*, void*, int*, tensorrt_llm::kernels::cutlass_kernels::MOEParallelismConfig, bool, bool, tensorrt_llm::kernels::LoraParams&, bool, bool, tensorrt_llm::kernels::cutlass_kernels::MoeMinLatencyParams&, bool, CUstream_st*, bool) [0x1e12d3] in fused_moe_120_M64N128_mxfp4min.so
=========         Host Frame: FusedMoeRunner::runMoe(tvm::ffi::TensorView, tvm::ffi::TensorView, tvm::ffi::TensorView, tvm::ffi::Optional<tvm::ffi::TensorView, void>, tvm::ffi::TensorView, tvm::ffi::Optional<tvm::ffi::TensorView, void>, tvm::ffi::TensorView, tvm::ffi::Optional<tvm::ffi::TensorView, void>, tvm::ffi::Optional<tvm::ffi::Array<tvm::ffi::Tensor, void>, void>, tvm::ffi::Optional<tvm::ffi::TensorView, void>, tvm::ffi::Optional<tvm::ffi::TensorView, void>, tvm::ffi::Optional<tvm::ffi::TensorView, void>, tvm::ffi::Optional<tvm::ffi::TensorView, void>, long, long, long, long, long, long, bool, bool, tvm::ffi::Optional<tvm::ffi::Array<long, void>, void>, bool, tensorrt_llm::kernels::cutlass_kernels::ActivationType, bool) [clone .isra.0] [0x127abb] in fused_moe_120_M64N128_mxfp4min.so
=========         Host Frame: FusedMoeRunner::GetFunction(tvm::ffi::String const&)::{lambda(tvm::ffi::TensorView, tvm::ffi::TensorView, tvm::ffi::TensorView, tvm::ffi::Optional<tvm::ffi::TensorView, void>, tvm::ffi::TensorView, tvm::ffi::Optional<tvm::ffi::TensorView, void>, tvm::ffi::TensorView, tvm::ffi::Optional<tvm::ffi::TensorView, void>, tvm::ffi::Optional<tvm::ffi::Array<tvm::ffi::Tensor, void>, void>, tvm::ffi::Optional<tvm::ffi::TensorView, void>, tvm::ffi::Optional<tvm::ffi::TensorView, void>, tvm::ffi::Optional<tvm::ffi::TensorView, void>, tvm::ffi::Optional<tvm::ffi::TensorView, void>, long, long, long, long, long, long, bool, bool, tvm::ffi::Optional<tvm::ffi::Array<long, void>, void>, bool, long, bool)#5}::operator()(tvm::ffi::TensorView, tvm::ffi::TensorView, tvm::ffi::TensorView, tvm::ffi::Optional<tvm::ffi::TensorView, void>, tvm::ffi::TensorView, tvm::ffi::Optional<tvm::ffi::TensorView, void>, tvm::ffi::TensorView, tvm::ffi::Optional<tvm::ffi::TensorView, void>, tvm::ffi::Optional<tvm::ffi::Array<tvm::ffi::Tensor, void>, void>, tvm::ffi::Optional<tvm::ffi::TensorView, void>, tvm::ffi::Optional<tvm::ffi::TensorView, void>, tvm::ffi::Optional<tvm::ffi::TensorView, void>, tvm::ffi::Optional<tvm::ffi::TensorView, void>, long, long, long, long, long, long, bool, bool, tvm::ffi::Optional<tvm::ffi::Array<long, void>, void>, bool, long, bool) const [0x12d96f] in fused_moe_120_M64N128_mxfp4min.so
=========         Host Frame: tvm::ffi::Function::FromTyped<FusedMoeRunner::GetFunction(tvm::ffi::String const&)::{lambda(tvm::ffi::TensorView, tvm::ffi::TensorView, tvm::ffi::TensorView, tvm::ffi::Optional<tvm::ffi::TensorView, void>, tvm::ffi::TensorView, tvm::ffi::Optional<tvm::ffi::TensorView, void>, tvm::ffi::TensorView, tvm::ffi::Optional<tvm::ffi::TensorView, void>, tvm::ffi::Optional<tvm::ffi::Array<tvm::ffi::Tensor, void>, void>, tvm::ffi::Optional<tvm::ffi::TensorView, void>, tvm::ffi::Optional<tvm::ffi::TensorView, void>, tvm::ffi::Optional<tvm::ffi::TensorView, void>, tvm::ffi::Optional<tvm::ffi::TensorView, void>, long, long, long, long, long, long, bool, bool, tvm::ffi::Optional<tvm::ffi::Array<long, void>, void>, bool, long, bool)#5}>(FusedMoeRunner::GetFunction(tvm::ffi::String const&)::{lambda(tvm::ffi::TensorView, tvm::ffi::TensorView, tvm::ffi::TensorView, tvm::ffi::Optional<tvm::ffi::TensorView, void>, tvm::ffi::TensorView, tvm::ffi::Optional<tvm::ffi::TensorView, void>, tvm::ffi::TensorView, tvm::ffi::Optional<tvm::ffi::TensorView, void>, tvm::ffi::Optional<tvm::ffi::Array<tvm::ffi::Tensor, void>, void>, tvm::ffi::Optional<tvm::ffi::TensorView, void>, tvm::ffi::Optional<tvm::ffi::TensorView, void>, tvm::ffi::Optional<tvm::ffi::TensorView, void>, tvm::ffi::Optional<tvm::ffi::TensorView, void>, long, long, long, long, long, long, bool, bool, tvm::ffi::Optional<tvm::ffi::Array<long, void>, void>, bool, long, bool)#5}&&)::{lambda(tvm::ffi::AnyView const*, int, tvm::ffi::Any*)#1}::operator()(tvm::ffi::AnyView const*, int, tvm::ffi::Any*) [0x14e983] in fused_moe_120_M64N128_mxfp4min.so
=========         Host Frame: tvm::ffi::details::FunctionObjImpl<tvm::ffi::Function::FromTyped<FusedMoeRunner::GetFunction(tvm::ffi::String const&)::{lambda(tvm::ffi::TensorView, tvm::ffi::TensorView, tvm::ffi::TensorView, tvm::ffi::Optional<tvm::ffi::TensorView, void>, tvm::ffi::TensorView, tvm::ffi::Optional<tvm::ffi::TensorView, void>, tvm::ffi::TensorView, tvm::ffi::Optional<tvm::ffi::TensorView, void>, tvm::ffi::Optional<tvm::ffi::Array<tvm::ffi::Tensor, void>, void>, tvm::ffi::Optional<tvm::ffi::TensorView, void>, tvm::ffi::Optional<tvm::ffi::TensorView, void>, tvm::ffi::Optional<tvm::ffi::TensorView, void>, tvm::ffi::Optional<tvm::ffi::TensorView, void>, long, long, long, long, long, long, bool, bool, tvm::ffi::Optional<tvm::ffi::Array<long, void>, void>, bool, long, bool)#5}>(FusedMoeRunner::GetFunction(tvm::ffi::String const&)::{lambda(tvm::ffi::TensorView, tvm::ffi::TensorView, tvm::ffi::TensorView, tvm::ffi::Optional<tvm::ffi::TensorView, void>, tvm::ffi::TensorView, tvm::ffi::Optional<tvm::ffi::TensorView, void>, tvm::ffi::TensorView, tvm::ffi::Optional<tvm::ffi::TensorView, void>, tvm::ffi::Optional<tvm::ffi::Array<tvm::ffi::Tensor, void>, void>, tvm::ffi::Optional<tvm::ffi::TensorView, void>, tvm::ffi::Optional<tvm::ffi::TensorView, void>, tvm::ffi::Optional<tvm::ffi::TensorView, void>, tvm::ffi::Optional<tvm::ffi::TensorView, void>, long, long, long, long, long, long, bool, bool, tvm::ffi::Optional<tvm::ffi::Array<long, void>, void>, bool, long, bool)#5}&&)::{lambda(tvm::ffi::AnyView const*, int, tvm::ffi::Any*)#1}>::SafeCall(void*, TVMFFIAny const*, int, TVMFFIAny*) [0x10adcf] in fused_moe_120_M64N128_mxfp4min.so
=========         Host Frame:  [0x5251b] in core.abi3.so
=========         Host Frame: PyObject_Call [0xc535b] in python3
=========         Host Frame: _PyEval_EvalFrameDefault [0x16832b] in python3
=========         Host Frame: PyEval_EvalCode [0x163223] in python3
=========         Host Frame:  [0x19c143] in python3
=========         Host Frame:  [0x280e33] in python3
=========         Host Frame: _PyRun_SimpleFileObject [0x280a07] in python3
=========         Host Frame: _PyRun_AnyFileObject [0x2807d3] in python3
=========         Host Frame: Py_RunMain [0x28b7db] in python3
=========         Host Frame: Py_BytesMain [0x28b397] in python3
=========         Host Frame:  [0x284c3] in libc.so.6
=========         Host Frame: __libc_start_main [0x28597] in libc.so.6
=========         Host Frame: _start [0x1f6baf] in python3
=========         Host Frame: cutlass_fused_moe in core.py:821
=========         Host Frame: cutlass_fused_moe in core.py:1118
=========         Host Frame: <module> in test_initcheck_unfused.py:90
========= 
========= Uninitialized __global__ memory read of size 4 bytes
=========     at void tensorrt_llm::kernels::cutlass_kernels::doActivationKernel<__nv_fp8_e4m3, __nv_bfloat16, __nv_bfloat16, tensorrt_llm::kernels::cutlass_kernels::GLUAdaptor<cutlass::epilogue::thread::SiLu>, (tensorrt_llm::kernels::cutlass_kernels::TmaWarpSpecializedGroupedGemmInput::FpXBlockScalingType)0>(T1 *, const T2 *, const float *, const T3 *, bool, const long *, int, long, const float *, bool, unsigned char *, tensorrt_llm::kernels::cutlass_kernels::ActivationParams)+0xbc0
=========     by thread (129,0,0) in block (0,0,0)
=========     Address 0xfa722ba25790
=========     Saved host backtrace up to driver entry point at kernel launch time
=========         Host Frame:  [0x18aaf] in libcudart.so.13
=========         Host Frame: cudaLaunchKernelExC [0x7674f] in libcudart.so.13
=========         Host Frame: void tensorrt_llm::kernels::cutlass_kernels::doActivation<__nv_fp8_e4m3, __nv_bfloat16, __nv_bfloat16>(__nv_fp8_e4m3*, __nv_bfloat16 const*, float const*, __nv_bfloat16 const*, bool, long const*, int, long, long, tensorrt_llm::kernels::cutlass_kernels::ActivationParams, tensorrt_llm::kernels::cutlass_kernels::QuantParams const&, bool, unsigned char*, bool, CUstream_st*) [0x1ce8a7] in fused_moe_120_M64N128_mxfp4min.so
=========         Host Frame: tensorrt_llm::kernels::cutlass_kernels::CutlassMoeFCRunner<__nv_fp8_e4m3, __nv_fp4_e2m1, __nv_bfloat16, __nv_fp8_e4m3, __nv_bfloat16, void>::gemm1(tensorrt_llm::kernels::cutlass_kernels::MoeGemmRunner<__nv_fp8_e4m3, __nv_fp4_e2m1, __nv_bfloat16, __nv_bfloat16>&, tensorrt_llm::kernels::fp8_blockscale_gemm::CutlassFp8BlockScaleGemmRunnerInterface*, __nv_fp8_e4m3 const*, __nv_fp8_e4m3*, void*, long const*, tensorrt_llm::kernels::cutlass_kernels::TmaWarpSpecializedGroupedGemmInput, __nv_fp4_e2m1 const*, __nv_bfloat16 const*, long const*, __nv_bfloat16 const*, float const*, float const*, unsigned char const*, unsigned char*, tensorrt_llm::kernels::cutlass_kernels::QuantParams, long, long, long, long, int, tensorrt_llm::kernels::cutlass_kernels::ActivationParams, float const**, bool, CUstream_st*, tensorrt_llm::cutlass_extensions::CutlassGemmConfig, bool, int*, int*, bool) [0x1d00c3] in fused_moe_120_M64N128_mxfp4min.so
=========         Host Frame: tensorrt_llm::kernels::cutlass_kernels::CutlassMoeFCRunner<__nv_fp8_e4m3, __nv_fp4_e2m1, __nv_bfloat16, __nv_fp8_e4m3, __nv_bfloat16, void>::runMoe(void const*, void const*, bool, int const*, float const*, void const*, void const*, tensorrt_llm::kernels::cutlass_kernels::ActivationParams, void const*, void const*, tensorrt_llm::kernels::cutlass_kernels::QuantParams, long, long, long, long, int, int, char*, void*, int*, tensorrt_llm::kernels::cutlass_kernels::MOEParallelismConfig, bool, bool, tensorrt_llm::kernels::LoraParams&, bool, bool, tensorrt_llm::kernels::cutlass_kernels::MoeMinLatencyParams&, bool, CUstream_st*, bool) [0x1e12d3] in fused_moe_120_M64N128_mxfp4min.so
=========         Host Frame: FusedMoeRunner::runMoe(tvm::ffi::TensorView, tvm::ffi::TensorView, tvm::ffi::TensorView, tvm::ffi::Optional<tvm::ffi::TensorView, void>, tvm::ffi::TensorView, tvm::ffi::Optional<tvm::ffi::TensorView, void>, tvm::ffi::TensorView, tvm::ffi::Optional<tvm::ffi::TensorView, void>, tvm::ffi::Optional<tvm::ffi::Array<tvm::ffi::Tensor, void>, void>, tvm::ffi::Optional<tvm::ffi::TensorView, void>, tvm::ffi::Optional<tvm::ffi::TensorView, void>, tvm::ffi::Optional<tvm::ffi::TensorView, void>, tvm::ffi::Optional<tvm::ffi::TensorView, void>, long, long, long, long, long, long, bool, bool, tvm::ffi::Optional<tvm::ffi::Array<long, void>, void>, bool, tensorrt_llm::kernels::cutlass_kernels::ActivationType, bool) [clone .isra.0] [0x127abb] in fused_moe_120_M64N128_mxfp4min.so
=========         Host Frame: FusedMoeRunner::GetFunction(tvm::ffi::String const&)::{lambda(tvm::ffi::TensorView, tvm::ffi::TensorView, tvm::ffi::TensorView, tvm::ffi::Optional<tvm::ffi::TensorView, void>, tvm::ffi::TensorView, tvm::ffi::Optional<tvm::ffi::TensorView, void>, tvm::ffi::TensorView, tvm::ffi::Optional<tvm::ffi::TensorView, void>, tvm::ffi::Optional<tvm::ffi::Array<tvm::ffi::Tensor, void>, void>, tvm::ffi::Optional<tvm::ffi::TensorView, void>, tvm::ffi::Optional<tvm::ffi::TensorView, void>, tvm::ffi::Optional<tvm::ffi::TensorView, void>, tvm::ffi::Optional<tvm::ffi::TensorView, void>, long, long, long, long, long, long, bool, bool, tvm::ffi::Optional<tvm::ffi::Array<long, void>, void>, bool, long, bool)#5}::operator()(tvm::ffi::TensorView, tvm::ffi::TensorView, tvm::ffi::TensorView, tvm::ffi::Optional<tvm::ffi::TensorView, void>, tvm::ffi::TensorView, tvm::ffi::Optional<tvm::ffi::TensorView, void>, tvm::ffi::TensorView, tvm::ffi::Optional<tvm::ffi::TensorView, void>, tvm::ffi::Optional<tvm::ffi::Array<tvm::ffi::Tensor, void>, void>, tvm::ffi::Optional<tvm::ffi::TensorView, void>, tvm::ffi::Optional<tvm::ffi::TensorView, void>, tvm::ffi::Optional<tvm::ffi::TensorView, void>, tvm::ffi::Optional<tvm::ffi::TensorView, void>, long, long, long, long, long, long, bool, bool, tvm::ffi::Optional<tvm::ffi::Array<long, void>, void>, bool, long, bool) const [0x12d96f] in fused_moe_120_M64N128_mxfp4min.so
=========         Host Frame: tvm::ffi::Function::FromTyped<FusedMoeRunner::GetFunction(tvm::ffi::String const&)::{lambda(tvm::ffi::TensorView, tvm::ffi::TensorView, tvm::ffi::TensorView, tvm::ffi::Optional<tvm::ffi::TensorView, void>, tvm::ffi::TensorView, tvm::ffi::Optional<tvm::ffi::TensorView, void>, tvm::ffi::TensorView, tvm::ffi::Optional<tvm::ffi::TensorView, void>, tvm::ffi::Optional<tvm::ffi::Array<tvm::ffi::Tensor, void>, void>, tvm::ffi::Optional<tvm::ffi::TensorView, void>, tvm::ffi::Optional<tvm::ffi::TensorView, void>, tvm::ffi::Optional<tvm::ffi::TensorView, void>, tvm::ffi::Optional<tvm::ffi::TensorView, void>, long, long, long, long, long, long, bool, bool, tvm::ffi::Optional<tvm::ffi::Array<long, void>, void>, bool, long, bool)#5}>(FusedMoeRunner::GetFunction(tvm::ffi::String const&)::{lambda(tvm::ffi::TensorView, tvm::ffi::TensorView, tvm::ffi::TensorView, tvm::ffi::Optional<tvm::ffi::TensorView, void>, tvm::ffi::TensorView, tvm::ffi::Optional<tvm::ffi::TensorView, void>, tvm::ffi::TensorView, tvm::ffi::Optional<tvm::ffi::TensorView, void>, tvm::ffi::Optional<tvm::ffi::Array<tvm::ffi::Tensor, void>, void>, tvm::ffi::Optional<tvm::ffi::TensorView, void>, tvm::ffi::Optional<tvm::ffi::TensorView, void>, tvm::ffi::Optional<tvm::ffi::TensorView, void>, tvm::ffi::Optional<tvm::ffi::TensorView, void>, long, long, long, long, long, long, bool, bool, tvm::ffi::Optional<tvm::ffi::Array<long, void>, void>, bool, long, bool)#5}&&)::{lambda(tvm::ffi::AnyView const*, int, tvm::ffi::Any*)#1}::operator()(tvm::ffi::AnyView const*, int, tvm::ffi::Any*) [0x14e983] in fused_moe_120_M64N128_mxfp4min.so
=========         Host Frame: tvm::ffi::details::FunctionObjImpl<tvm::ffi::Function::FromTyped<FusedMoeRunner::GetFunction(tvm::ffi::String const&)::{lambda(tvm::ffi::TensorView, tvm::ffi::TensorView, tvm::ffi::TensorView, tvm::ffi::Optional<tvm::ffi::TensorView, void>, tvm::ffi::TensorView, tvm::ffi::Optional<tvm::ffi::TensorView, void>, tvm::ffi::TensorView, tvm::ffi::Optional<tvm::ffi::TensorView, void>, tvm::ffi::Optional<tvm::ffi::Array<tvm::ffi::Tensor, void>, void>, tvm::ffi::Optional<tvm::ffi::TensorView, void>, tvm::ffi::Optional<tvm::ffi::TensorView, void>, tvm::ffi::Optional<tvm::ffi::TensorView, void>, tvm::ffi::Optional<tvm::ffi::TensorView, void>, long, long, long, long, long, long, bool, bool, tvm::ffi::Optional<tvm::ffi::Array<long, void>, void>, bool, long, bool)#5}>(FusedMoeRunner::GetFunction(tvm::ffi::String const&)::{lambda(tvm::ffi::TensorView, tvm::ffi::TensorView, tvm::ffi::TensorView, tvm::ffi::Optional<tvm::ffi::TensorView, void>, tvm::ffi::TensorView, tvm::ffi::Optional<tvm::ffi::TensorView, void>, tvm::ffi::TensorView, tvm::ffi::Optional<tvm::ffi::TensorView, void>, tvm::ffi::Optional<tvm::ffi::Array<tvm::ffi::Tensor, void>, void>, tvm::ffi::Optional<tvm::ffi::TensorView, void>, tvm::ffi::Optional<tvm::ffi::TensorView, void>, tvm::ffi::Optional<tvm::ffi::TensorView, void>, tvm::ffi::Optional<tvm::ffi::TensorView, void>, long, long, long, long, long, long, bool, bool, tvm::ffi::Optional<tvm::ffi::Array<long, void>, void>, bool, long, bool)#5}&&)::{lambda(tvm::ffi::AnyView const*, int, tvm::ffi::Any*)#1}>::SafeCall(void*, TVMFFIAny const*, int, TVMFFIAny*) [0x10adcf] in fused_moe_120_M64N128_mxfp4min.so
=========         Host Frame:  [0x5251b] in core.abi3.so
=========         Host Frame: PyObject_Call [0xc535b] in python3
=========         Host Frame: _PyEval_EvalFrameDefault [0x16832b] in python3
=========         Host Frame: PyEval_EvalCode [0x163223] in python3
=========         Host Frame:  [0x19c143] in python3
=========         Host Frame:  [0x280e33] in python3
=========         Host Frame: _PyRun_SimpleFileObject [0x280a07] in python3
=========         Host Frame: _PyRun_AnyFileObject [0x2807d3] in python3
=========         Host Frame: Py_RunMain [0x28b7db] in python3
=========         Host Frame: Py_BytesMain [0x28b397] in python3
=========         Host Frame:  [0x284c3] in libc.so.6
=========         Host Frame: __libc_start_main [0x28597] in libc.so.6
=========         Host Frame: _start [0x1f6baf] in python3
=========         Host Frame: cutlass_fused_moe in core.py:821
=========         Host Frame: cutlass_fused_moe in core.py:1118
=========         Host Frame: <module> in test_initcheck_unfused.py:90
========= 
========= Uninitialized __global__ memory read of size 4 bytes
=========     at void tensorrt_llm::kernels::cutlass_kernels::doActivationKernel<__nv_fp8_e4m3, __nv_bfloat16, __nv_bfloat16, tensorrt_llm::kernels::cutlass_kernels::GLUAdaptor<cutlass::epilogue::thread::SiLu>, (tensorrt_llm::kernels::cutlass_kernels::TmaWarpSpecializedGroupedGemmInput::FpXBlockScalingType)0>(T1 *, const T2 *, const float *, const T3 *, bool, const long *, int, long, const float *, bool, unsigned char *, tensorrt_llm::kernels::cutlass_kernels::ActivationParams)+0xbc0
=========     by thread (130,0,0) in block (0,0,0)
=========     Address 0xfa722ba257a0
=========     Saved host backtrace up to driver entry point at kernel launch time
=========         Host Frame:  [0x18aaf] in libcudart.so.13
=========         Host Frame: cudaLaunchKernelExC [0x7674f] in libcudart.so.13
=========         Host Frame: void tensorrt_llm::kernels::cutlass_kernels::doActivation<__nv_fp8_e4m3, __nv_bfloat16, __nv_bfloat16>(__nv_fp8_e4m3*, __nv_bfloat16 const*, float const*, __nv_bfloat16 const*, bool, long const*, int, long, long, tensorrt_llm::kernels::cutlass_kernels::ActivationParams, tensorrt_llm::kernels::cutlass_kernels::QuantParams const&, bool, unsigned char*, bool, CUstream_st*) [0x1ce8a7] in fused_moe_120_M64N128_mxfp4min.so
=========         Host Frame: tensorrt_llm::kernels::cutlass_kernels::CutlassMoeFCRunner<__nv_fp8_e4m3, __nv_fp4_e2m1, __nv_bfloat16, __nv_fp8_e4m3, __nv_bfloat16, void>::gemm1(tensorrt_llm::kernels::cutlass_kernels::MoeGemmRunner<__nv_fp8_e4m3, __nv_fp4_e2m1, __nv_bfloat16, __nv_bfloat16>&, tensorrt_llm::kernels::fp8_blockscale_gemm::CutlassFp8BlockScaleGemmRunnerInterface*, __nv_fp8_e4m3 const*, __nv_fp8_e4m3*, void*, long const*, tensorrt_llm::kernels::cutlass_kernels::TmaWarpSpecializedGroupedGemmInput, __nv_fp4_e2m1 const*, __nv_bfloat16 const*, long const*, __nv_bfloat16 const*, float const*, float const*, unsigned char const*, unsigned char*, tensorrt_llm::kernels::cutlass_kernels::QuantParams, long, long, long, long, int, tensorrt_llm::kernels::cutlass_kernels::ActivationParams, float const**, bool, CUstream_st*, tensorrt_llm::cutlass_extensions::CutlassGemmConfig, bool, int*, int*, bool) [0x1d00c3] in fused_moe_120_M64N128_mxfp4min.so
=========         Host Frame: tensorrt_llm::kernels::cutlass_kernels::CutlassMoeFCRunner<__nv_fp8_e4m3, __nv_fp4_e2m1, __nv_bfloat16, __nv_fp8_e4m3, __nv_bfloat16, void>::runMoe(void const*, void const*, bool, int const*, float const*, void const*, void const*, tensorrt_llm::kernels::cutlass_kernels::ActivationParams, void const*, void const*, tensorrt_llm::kernels::cutlass_kernels::QuantParams, long, long, long, long, int, int, char*, void*, int*, tensorrt_llm::kernels::cutlass_kernels::MOEParallelismConfig, bool, bool, tensorrt_llm::kernels::LoraParams&, bool, bool, tensorrt_llm::kernels::cutlass_kernels::MoeMinLatencyParams&, bool, CUstream_st*, bool) [0x1e12d3] in fused_moe_120_M64N128_mxfp4min.so
=========         Host Frame: FusedMoeRunner::runMoe(tvm::ffi::TensorView, tvm::ffi::TensorView, tvm::ffi::TensorView, tvm::ffi::Optional<tvm::ffi::TensorView, void>, tvm::ffi::TensorView, tvm::ffi::Optional<tvm::ffi::TensorView, void>, tvm::ffi::TensorView, tvm::ffi::Optional<tvm::ffi::TensorView, void>, tvm::ffi::Optional<tvm::ffi::Array<tvm::ffi::Tensor, void>, void>, tvm::ffi::Optional<tvm::ffi::TensorView, void>, tvm::ffi::Optional<tvm::ffi::TensorView, void>, tvm::ffi::Optional<tvm::ffi::TensorView, void>, tvm::ffi::Optional<tvm::ffi::TensorView, void>, long, long, long, long, long, long, bool, bool, tvm::ffi::Optional<tvm::ffi::Array<long, void>, void>, bool, tensorrt_llm::kernels::cutlass_kernels::ActivationType, bool) [clone .isra.0] [0x127abb] in fused_moe_120_M64N128_mxfp4min.so
=========         Host Frame: FusedMoeRunner::GetFunction(tvm::ffi::String const&)::{lambda(tvm::ffi::TensorView, tvm::ffi::TensorView, tvm::ffi::TensorView, tvm::ffi::Optional<tvm::ffi::TensorView, void>, tvm::ffi::TensorView, tvm::ffi::Optional<tvm::ffi::TensorView, void>, tvm::ffi::TensorView, tvm::ffi::Optional<tvm::ffi::TensorView, void>, tvm::ffi::Optional<tvm::ffi::Array<tvm::ffi::Tensor, void>, void>, tvm::ffi::Optional<tvm::ffi::TensorView, void>, tvm::ffi::Optional<tvm::ffi::TensorView, void>, tvm::ffi::Optional<tvm::ffi::TensorView, void>, tvm::ffi::Optional<tvm::ffi::TensorView, void>, long, long, long, long, long, long, bool, bool, tvm::ffi::Optional<tvm::ffi::Array<long, void>, void>, bool, long, bool)#5}::operator()(tvm::ffi::TensorView, tvm::ffi::TensorView, tvm::ffi::TensorView, tvm::ffi::Optional<tvm::ffi::TensorView, void>, tvm::ffi::TensorView, tvm::ffi::Optional<tvm::ffi::TensorView, void>, tvm::ffi::TensorView, tvm::ffi::Optional<tvm::ffi::TensorView, void>, tvm::ffi::Optional<tvm::ffi::Array<tvm::ffi::Tensor, void>, void>, tvm::ffi::Optional<tvm::ffi::TensorView, void>, tvm::ffi::Optional<tvm::ffi::TensorView, void>, tvm::ffi::Optional<tvm::ffi::TensorView, void>, tvm::ffi::Optional<tvm::ffi::TensorView, void>, long, long, long, long, long, long, bool, bool, tvm::ffi::Optional<tvm::ffi::Array<long, void>, void>, bool, long, bool) const [0x12d96f] in fused_moe_120_M64N128_mxfp4min.so
=========         Host Frame: tvm::ffi::Function::FromTyped<FusedMoeRunner::GetFunction(tvm::ffi::String const&)::{lambda(tvm::ffi::TensorView, tvm::ffi::TensorView, tvm::ffi::TensorView, tvm::ffi::Optional<tvm::ffi::TensorView, void>, tvm::ffi::TensorView, tvm::ffi::Optional<tvm::ffi::TensorView, void>, tvm::ffi::TensorView, tvm::ffi::Optional<tvm::ffi::TensorView, void>, tvm::ffi::Optional<tvm::ffi::Array<tvm::ffi::Tensor, void>, void>, tvm::ffi::Optional<tvm::ffi::TensorView, void>, tvm::ffi::Optional<tvm::ffi::TensorView, void>, tvm::ffi::Optional<tvm::ffi::TensorView, void>, tvm::ffi::Optional<tvm::ffi::TensorView, void>, long, long, long, long, long, long, bool, bool, tvm::ffi::Optional<tvm::ffi::Array<long, void>, void>, bool, long, bool)#5}>(FusedMoeRunner::GetFunction(tvm::ffi::String const&)::{lambda(tvm::ffi::TensorView, tvm::ffi::TensorView, tvm::ffi::TensorView, tvm::ffi::Optional<tvm::ffi::TensorView, void>, tvm::ffi::TensorView, tvm::ffi::Optional<tvm::ffi::TensorView, void>, tvm::ffi::TensorView, tvm::ffi::Optional<tvm::ffi::TensorView, void>, tvm::ffi::Optional<tvm::ffi::Array<tvm::ffi::Tensor, void>, void>, tvm::ffi::Optional<tvm::ffi::TensorView, void>, tvm::ffi::Optional<tvm::ffi::TensorView, void>, tvm::ffi::Optional<tvm::ffi::TensorView, void>, tvm::ffi::Optional<tvm::ffi::TensorView, void>, long, long, long, long, long, long, bool, bool, tvm::ffi::Optional<tvm::ffi::Array<long, void>, void>, bool, long, bool)#5}&&)::{lambda(tvm::ffi::AnyView const*, int, tvm::ffi::Any*)#1}::operator()(tvm::ffi::AnyView const*, int, tvm::ffi::Any*) [0x14e983] in fused_moe_120_M64N128_mxfp4min.so
=========         Host Frame: tvm::ffi::details::FunctionObjImpl<tvm::ffi::Function::FromTyped<FusedMoeRunner::GetFunction(tvm::ffi::String const&)::{lambda(tvm::ffi::TensorView, tvm::ffi::TensorView, tvm::ffi::TensorView, tvm::ffi::Optional<tvm::ffi::TensorView, void>, tvm::ffi::TensorView, tvm::ffi::Optional<tvm::ffi::TensorView, void>, tvm::ffi::TensorView, tvm::ffi::Optional<tvm::ffi::TensorView, void>, tvm::ffi::Optional<tvm::ffi::Array<tvm::ffi::Tensor, void>, void>, tvm::ffi::Optional<tvm::ffi::TensorView, void>, tvm::ffi::Optional<tvm::ffi::TensorView, void>, tvm::ffi::Optional<tvm::ffi::TensorView, void>, tvm::ffi::Optional<tvm::ffi::TensorView, void>, long, long, long, long, long, long, bool, bool, tvm::ffi::Optional<tvm::ffi::Array<long, void>, void>, bool, long, bool)#5}>(FusedMoeRunner::GetFunction(tvm::ffi::String const&)::{lambda(tvm::ffi::TensorView, tvm::ffi::TensorView, tvm::ffi::TensorView, tvm::ffi::Optional<tvm::ffi::TensorView, void>, tvm::ffi::TensorView, tvm::ffi::Optional<tvm::ffi::TensorView, void>, tvm::ffi::TensorView, tvm::ffi::Optional<tvm::ffi::TensorView, void>, tvm::ffi::Optional<tvm::ffi::Array<tvm::ffi::Tensor, void>, void>, tvm::ffi::Optional<tvm::ffi::TensorView, void>, tvm::ffi::Optional<tvm::ffi::TensorView, void>, tvm::ffi::Optional<tvm::ffi::TensorView, void>, tvm::ffi::Optional<tvm::ffi::TensorView, void>, long, long, long, long, long, long, bool, bool, tvm::ffi::Optional<tvm::ffi::Array<long, void>, void>, bool, long, bool)#5}&&)::{lambda(tvm::ffi::AnyView const*, int, tvm::ffi::Any*)#1}>::SafeCall(void*, TVMFFIAny const*, int, TVMFFIAny*) [0x10adcf] in fused_moe_120_M64N128_mxfp4min.so
=========         Host Frame:  [0x5251b] in core.abi3.so
=========         Host Frame: PyObject_Call [0xc535b] in python3
=========         Host Frame: _PyEval_EvalFrameDefault [0x16832b] in python3
=========         Host Frame: PyEval_EvalCode [0x163223] in python3
=========         Host Frame:  [0x19c143] in python3
=========         Host Frame:  [0x280e33] in python3
=========         Host Frame: _PyRun_SimpleFileObject [0x280a07] in python3
=========         Host Frame: _PyRun_AnyFileObject [0x2807d3] in python3
=========         Host Frame: Py_RunMain [0x28b7db] in python3
=========         Host Frame: Py_BytesMain [0x28b397] in python3
=========         Host Frame:  [0x284c3] in libc.so.6
=========         Host Frame: __libc_start_main [0x28597] in libc.so.6
=========         Host Frame: _start [0x1f6baf] in python3
=========         Host Frame: cutlass_fused_moe in core.py:821
=========         Host Frame: cutlass_fused_moe in core.py:1118
=========         Host Frame: <module> in test_initcheck_unfused.py:90
========= 
========= Uninitialized __global__ memory read of size 4 bytes
=========     at void tensorrt_llm::kernels::cutlass_kernels::doActivationKernel<__nv_fp8_e4m3, __nv_bfloat16, __nv_bfloat16, tensorrt_llm::kernels::cutlass_kernels::GLUAdaptor<cutlass::epilogue::thread::SiLu>, (tensorrt_llm::kernels::cutlass_kernels::TmaWarpSpecializedGroupedGemmInput::FpXBlockScalingType)0>(T1 *, const T2 *, const float *, const T3 *, bool, const long *, int, long, const float *, bool, unsigned char *, tensorrt_llm::kernels::cutlass_kernels::ActivationParams)+0xbc0
=========     by thread (131,0,0) in block (0,0,0)
=========     Address 0xfa722ba257b0
=========     Saved host backtrace up to driver entry point at kernel launch time
=========         Host Frame:  [0x18aaf] in libcudart.so.13
=========         Host Frame: cudaLaunchKernelExC [0x7674f] in libcudart.so.13
=========         Host Frame: void tensorrt_llm::kernels::cutlass_kernels::doActivation<__nv_fp8_e4m3, __nv_bfloat16, __nv_bfloat16>(__nv_fp8_e4m3*, __nv_bfloat16 const*, float const*, __nv_bfloat16 const*, bool, long const*, int, long, long, tensorrt_llm::kernels::cutlass_kernels::ActivationParams, tensorrt_llm::kernels::cutlass_kernels::QuantParams const&, bool, unsigned char*, bool, CUstream_st*) [0x1ce8a7] in fused_moe_120_M64N128_mxfp4min.so
=========         Host Frame: tensorrt_llm::kernels::cutlass_kernels::CutlassMoeFCRunner<__nv_fp8_e4m3, __nv_fp4_e2m1, __nv_bfloat16, __nv_fp8_e4m3, __nv_bfloat16, void>::gemm1(tensorrt_llm::kernels::cutlass_kernels::MoeGemmRunner<__nv_fp8_e4m3, __nv_fp4_e2m1, __nv_bfloat16, __nv_bfloat16>&, tensorrt_llm::kernels::fp8_blockscale_gemm::CutlassFp8BlockScaleGemmRunnerInterface*, __nv_fp8_e4m3 const*, __nv_fp8_e4m3*, void*, long const*, tensorrt_llm::kernels::cutlass_kernels::TmaWarpSpecializedGroupedGemmInput, __nv_fp4_e2m1 const*, __nv_bfloat16 const*, long const*, __nv_bfloat16 const*, float const*, float const*, unsigned char const*, unsigned char*, tensorrt_llm::kernels::cutlass_kernels::QuantParams, long, long, long, long, int, tensorrt_llm::kernels::cutlass_kernels::ActivationParams, float const**, bool, CUstream_st*, tensorrt_llm::cutlass_extensions::CutlassGemmConfig, bool, int*, int*, bool) [0x1d00c3] in fused_moe_120_M64N128_mxfp4min.so
=========         Host Frame: tensorrt_llm::kernels::cutlass_kernels::CutlassMoeFCRunner<__nv_fp8_e4m3, __nv_fp4_e2m1, __nv_bfloat16, __nv_fp8_e4m3, __nv_bfloat16, void>::runMoe(void const*, void const*, bool, int const*, float const*, void const*, void const*, tensorrt_llm::kernels::cutlass_kernels::ActivationParams, void const*, void const*, tensorrt_llm::kernels::cutlass_kernels::QuantParams, long, long, long, long, int, int, char*, void*, int*, tensorrt_llm::kernels::cutlass_kernels::MOEParallelismConfig, bool, bool, tensorrt_llm::kernels::LoraParams&, bool, bool, tensorrt_llm::kernels::cutlass_kernels::MoeMinLatencyParams&, bool, CUstream_st*, bool) [0x1e12d3] in fused_moe_120_M64N128_mxfp4min.so
=========         Host Frame: FusedMoeRunner::runMoe(tvm::ffi::TensorView, tvm::ffi::TensorView, tvm::ffi::TensorView, tvm::ffi::Optional<tvm::ffi::TensorView, void>, tvm::ffi::TensorView, tvm::ffi::Optional<tvm::ffi::TensorView, void>, tvm::ffi::TensorView, tvm::ffi::Optional<tvm::ffi::TensorView, void>, tvm::ffi::Optional<tvm::ffi::Array<tvm::ffi::Tensor, void>, void>, tvm::ffi::Optional<tvm::ffi::TensorView, void>, tvm::ffi::Optional<tvm::ffi::TensorView, void>, tvm::ffi::Optional<tvm::ffi::TensorView, void>, tvm::ffi::Optional<tvm::ffi::TensorView, void>, long, long, long, long, long, long, bool, bool, tvm::ffi::Optional<tvm::ffi::Array<long, void>, void>, bool, tensorrt_llm::kernels::cutlass_kernels::ActivationType, bool) [clone .isra.0] [0x127abb] in fused_moe_120_M64N128_mxfp4min.so
=========         Host Frame: FusedMoeRunner::GetFunction(tvm::ffi::String const&)::{lambda(tvm::ffi::TensorView, tvm::ffi::TensorView, tvm::ffi::TensorView, tvm::ffi::Optional<tvm::ffi::TensorView, void>, tvm::ffi::TensorView, tvm::ffi::Optional<tvm::ffi::TensorView, void>, tvm::ffi::TensorView, tvm::ffi::Optional<tvm::ffi::TensorView, void>, tvm::ffi::Optional<tvm::ffi::Array<tvm::ffi::Tensor, void>, void>, tvm::ffi::Optional<tvm::ffi::TensorView, void>, tvm::ffi::Optional<tvm::ffi::TensorView, void>, tvm::ffi::Optional<tvm::ffi::TensorView, void>, tvm::ffi::Optional<tvm::ffi::TensorView, void>, long, long, long, long, long, long, bool, bool, tvm::ffi::Optional<tvm::ffi::Array<long, void>, void>, bool, long, bool)#5}::operator()(tvm::ffi::TensorView, tvm::ffi::TensorView, tvm::ffi::TensorView, tvm::ffi::Optional<tvm::ffi::TensorView, void>, tvm::ffi::TensorView, tvm::ffi::Optional<tvm::ffi::TensorView, void>, tvm::ffi::TensorView, tvm::ffi::Optional<tvm::ffi::TensorView, void>, tvm::ffi::Optional<tvm::ffi::Array<tvm::ffi::Tensor, void>, void>, tvm::ffi::Optional<tvm::ffi::TensorView, void>, tvm::ffi::Optional<tvm::ffi::TensorView, void>, tvm::ffi::Optional<tvm::ffi::TensorView, void>, tvm::ffi::Optional<tvm::ffi::TensorView, void>, long, long, long, long, long, long, bool, bool, tvm::ffi::Optional<tvm::ffi::Array<long, void>, void>, bool, long, bool) const [0x12d96f] in fused_moe_120_M64N128_mxfp4min.so
=========         Host Frame: tvm::ffi::Function::FromTyped<FusedMoeRunner::GetFunction(tvm::ffi::String const&)::{lambda(tvm::ffi::TensorView, tvm::ffi::TensorView, tvm::ffi::TensorView, tvm::ffi::Optional<tvm::ffi::TensorView, void>, tvm::ffi::TensorView, tvm::ffi::Optional<tvm::ffi::TensorView, void>, tvm::ffi::TensorView, tvm::ffi::Optional<tvm::ffi::TensorView, void>, tvm::ffi::Optional<tvm::ffi::Array<tvm::ffi::Tensor, void>, void>, tvm::ffi::Optional<tvm::ffi::TensorView, void>, tvm::ffi::Optional<tvm::ffi::TensorView, void>, tvm::ffi::Optional<tvm::ffi::TensorView, void>, tvm::ffi::Optional<tvm::ffi::TensorView, void>, long, long, long, long, long, long, bool, bool, tvm::ffi::Optional<tvm::ffi::Array<long, void>, void>, bool, long, bool)#5}>(FusedMoeRunner::GetFunction(tvm::ffi::String const&)::{lambda(tvm::ffi::TensorView, tvm::ffi::TensorView, tvm::ffi::TensorView, tvm::ffi::Optional<tvm::ffi::TensorView, void>, tvm::ffi::TensorView, tvm::ffi::Optional<tvm::ffi::TensorView, void>, tvm::ffi::TensorView, tvm::ffi::Optional<tvm::ffi::TensorView, void>, tvm::ffi::Optional<tvm::ffi::Array<tvm::ffi::Tensor, void>, void>, tvm::ffi::Optional<tvm::ffi::TensorView, void>, tvm::ffi::Optional<tvm::ffi::TensorView, void>, tvm::ffi::Optional<tvm::ffi::TensorView, void>, tvm::ffi::Optional<tvm::ffi::TensorView, void>, long, long, long, long, long, long, bool, bool, tvm::ffi::Optional<tvm::ffi::Array<long, void>, void>, bool, long, bool)#5}&&)::{lambda(tvm::ffi::AnyView const*, int, tvm::ffi::Any*)#1}::operator()(tvm::ffi::AnyView const*, int, tvm::ffi::Any*) [0x14e983] in fused_moe_120_M64N128_mxfp4min.so
=========         Host Frame: tvm::ffi::details::FunctionObjImpl<tvm::ffi::Function::FromTyped<FusedMoeRunner::GetFunction(tvm::ffi::String const&)::{lambda(tvm::ffi::TensorView, tvm::ffi::TensorView, tvm::ffi::TensorView, tvm::ffi::Optional<tvm::ffi::TensorView, void>, tvm::ffi::TensorView, tvm::ffi::Optional<tvm::ffi::TensorView, void>, tvm::ffi::TensorView, tvm::ffi::Optional<tvm::ffi::TensorView, void>, tvm::ffi::Optional<tvm::ffi::Array<tvm::ffi::Tensor, void>, void>, tvm::ffi::Optional<tvm::ffi::TensorView, void>, tvm::ffi::Optional<tvm::ffi::TensorView, void>, tvm::ffi::Optional<tvm::ffi::TensorView, void>, tvm::ffi::Optional<tvm::ffi::TensorView, void>, long, long, long, long, long, long, bool, bool, tvm::ffi::Optional<tvm::ffi::Array<long, void>, void>, bool, long, bool)#5}>(FusedMoeRunner::GetFunction(tvm::ffi::String const&)::{lambda(tvm::ffi::TensorView, tvm::ffi::TensorView, tvm::ffi::TensorView, tvm::ffi::Optional<tvm::ffi::TensorView, void>, tvm::ffi::TensorView, tvm::ffi::Optional<tvm::ffi::TensorView, void>, tvm::ffi::TensorView, tvm::ffi::Optional<tvm::ffi::TensorView, void>, tvm::ffi::Optional<tvm::ffi::Array<tvm::ffi::Tensor, void>, void>, tvm::ffi::Optional<tvm::ffi::TensorView, void>, tvm::ffi::Optional<tvm::ffi::TensorView, void>, tvm::ffi::Optional<tvm::ffi::TensorView, void>, tvm::ffi::Optional<tvm::ffi::TensorView, void>, long, long, long, long, long, long, bool, bool, tvm::ffi::Optional<tvm::ffi::Array<long, void>, void>, bool, long, bool)#5}&&)::{lambda(tvm::ffi::AnyView const*, int, tvm::ffi::Any*)#1}>::SafeCall(void*, TVMFFIAny const*, int, TVMFFIAny*) [0x10adcf] in fused_moe_120_M64N128_mxfp4min.so
=========         Host Frame:  [0x5251b] in core.abi3.so
=========         Host Frame: PyObject_Call [0xc535b] in python3
=========         Host Frame: _PyEval_EvalFrameDefault [0x16832b] in python3
=========         Host Frame: PyEval_EvalCode [0x163223] in python3
=========         Host Frame:  [0x19c143] in python3
=========         Host Frame:  [0x280e33] in python3
=========         Host Frame: _PyRun_SimpleFileObject [0x280a07] in python3
=========         Host Frame: _PyRun_AnyFileObject [0x2807d3] in python3
=========         Host Frame: Py_RunMain [0x28b7db] in python3
=========         Host Frame: Py_BytesMain [0x28b397] in python3
=========         Host Frame:  [0x284c3] in libc.so.6
=========         Host Frame: __libc_start_main [0x28597] in libc.so.6
=========         Host Frame: _start [0x1f6baf] in python3
=========         Host Frame: cutlass_fused_moe in core.py:821
=========         Host Frame: cutlass_fused_moe in core.py:1118
=========         Host Frame: <module> in test_initcheck_unfused.py:90
========= 
========= Uninitialized __global__ memory read of size 4 bytes
=========     at void tensorrt_llm::kernels::cutlass_kernels::doActivationKernel<__nv_fp8_e4m3, __nv_bfloat16, __nv_bfloat16, tensorrt_llm::kernels::cutlass_kernels::GLUAdaptor<cutlass::epilogue::thread::SiLu>, (tensorrt_llm::kernels::cutlass_kernels::TmaWarpSpecializedGroupedGemmInput::FpXBlockScalingType)0>(T1 *, const T2 *, const float *, const T3 *, bool, const long *, int, long, const float *, bool, unsigned char *, tensorrt_llm::kernels::cutlass_kernels::ActivationParams)+0xbc0
=========     by thread (132,0,0) in block (0,0,0)
=========     Address 0xfa722ba257c0
=========     Saved host backtrace up to driver entry point at kernel launch time
=========         Host Frame:  [0x18aaf] in libcudart.so.13
=========         Host Frame: cudaLaunchKernelExC [0x7674f] in libcudart.so.13
=========         Host Frame: void tensorrt_llm::kernels::cutlass_kernels::doActivation<__nv_fp8_e4m3, __nv_bfloat16, __nv_bfloat16>(__nv_fp8_e4m3*, __nv_bfloat16 const*, float const*, __nv_bfloat16 const*, bool, long const*, int, long, long, tensorrt_llm::kernels::cutlass_kernels::ActivationParams, tensorrt_llm::kernels::cutlass_kernels::QuantParams const&, bool, unsigned char*, bool, CUstream_st*) [0x1ce8a7] in fused_moe_120_M64N128_mxfp4min.so
=========         Host Frame: tensorrt_llm::kernels::cutlass_kernels::CutlassMoeFCRunner<__nv_fp8_e4m3, __nv_fp4_e2m1, __nv_bfloat16, __nv_fp8_e4m3, __nv_bfloat16, void>::gemm1(tensorrt_llm::kernels::cutlass_kernels::MoeGemmRunner<__nv_fp8_e4m3, __nv_fp4_e2m1, __nv_bfloat16, __nv_bfloat16>&, tensorrt_llm::kernels::fp8_blockscale_gemm::CutlassFp8BlockScaleGemmRunnerInterface*, __nv_fp8_e4m3 const*, __nv_fp8_e4m3*, void*, long const*, tensorrt_llm::kernels::cutlass_kernels::TmaWarpSpecializedGroupedGemmInput, __nv_fp4_e2m1 const*, __nv_bfloat16 const*, long const*, __nv_bfloat16 const*, float const*, float const*, unsigned char const*, unsigned char*, tensorrt_llm::kernels::cutlass_kernels::QuantParams, long, long, long, long, int, tensorrt_llm::kernels::cutlass_kernels::ActivationParams, float const**, bool, CUstream_st*, tensorrt_llm::cutlass_extensions::CutlassGemmConfig, bool, int*, int*, bool) [0x1d00c3] in fused_moe_120_M64N128_mxfp4min.so
=========         Host Frame: tensorrt_llm::kernels::cutlass_kernels::CutlassMoeFCRunner<__nv_fp8_e4m3, __nv_fp4_e2m1, __nv_bfloat16, __nv_fp8_e4m3, __nv_bfloat16, void>::runMoe(void const*, void const*, bool, int const*, float const*, void const*, void const*, tensorrt_llm::kernels::cutlass_kernels::ActivationParams, void const*, void const*, tensorrt_llm::kernels::cutlass_kernels::QuantParams, long, long, long, long, int, int, char*, void*, int*, tensorrt_llm::kernels::cutlass_kernels::MOEParallelismConfig, bool, bool, tensorrt_llm::kernels::LoraParams&, bool, bool, tensorrt_llm::kernels::cutlass_kernels::MoeMinLatencyParams&, bool, CUstream_st*, bool) [0x1e12d3] in fused_moe_120_M64N128_mxfp4min.so
=========         Host Frame: FusedMoeRunner::runMoe(tvm::ffi::TensorView, tvm::ffi::TensorView, tvm::ffi::TensorView, tvm::ffi::Optional<tvm::ffi::TensorView, void>, tvm::ffi::TensorView, tvm::ffi::Optional<tvm::ffi::TensorView, void>, tvm::ffi::TensorView, tvm::ffi::Optional<tvm::ffi::TensorView, void>, tvm::ffi::Optional<tvm::ffi::Array<tvm::ffi::Tensor, void>, void>, tvm::ffi::Optional<tvm::ffi::TensorView, void>, tvm::ffi::Optional<tvm::ffi::TensorView, void>, tvm::ffi::Optional<tvm::ffi::TensorView, void>, tvm::ffi::Optional<tvm::ffi::TensorView, void>, long, long, long, long, long, long, bool, bool, tvm::ffi::Optional<tvm::ffi::Array<long, void>, void>, bool, tensorrt_llm::kernels::cutlass_kernels::ActivationType, bool) [clone .isra.0] [0x127abb] in fused_moe_120_M64N128_mxfp4min.so
=========         Host Frame: FusedMoeRunner::GetFunction(tvm::ffi::String const&)::{lambda(tvm::ffi::TensorView, tvm::ffi::TensorView, tvm::ffi::TensorView, tvm::ffi::Optional<tvm::ffi::TensorView, void>, tvm::ffi::TensorView, tvm::ffi::Optional<tvm::ffi::TensorView, void>, tvm::ffi::TensorView, tvm::ffi::Optional<tvm::ffi::TensorView, void>, tvm::ffi::Optional<tvm::ffi::Array<tvm::ffi::Tensor, void>, void>, tvm::ffi::Optional<tvm::ffi::TensorView, void>, tvm::ffi::Optional<tvm::ffi::TensorView, void>, tvm::ffi::Optional<tvm::ffi::TensorView, void>, tvm::ffi::Optional<tvm::ffi::TensorView, void>, long, long, long, long, long, long, bool, bool, tvm::ffi::Optional<tvm::ffi::Array<long, void>, void>, bool, long, bool)#5}::operator()(tvm::ffi::TensorView, tvm::ffi::TensorView, tvm::ffi::TensorView, tvm::ffi::Optional<tvm::ffi::TensorView, void>, tvm::ffi::TensorView, tvm::ffi::Optional<tvm::ffi::TensorView, void>, tvm::ffi::TensorView, tvm::ffi::Optional<tvm::ffi::TensorView, void>, tvm::ffi::Optional<tvm::ffi::Array<tvm::ffi::Tensor, void>, void>, tvm::ffi::Optional<tvm::ffi::TensorView, void>, tvm::ffi::Optional<tvm::ffi::TensorView, void>, tvm::ffi::Optional<tvm::ffi::TensorView, void>, tvm::ffi::Optional<tvm::ffi::TensorView, void>, long, long, long, long, long, long, bool, bool, tvm::ffi::Optional<tvm::ffi::Array<long, void>, void>, bool, long, bool) const [0x12d96f] in fused_moe_120_M64N128_mxfp4min.so
=========         Host Frame: tvm::ffi::Function::FromTyped<FusedMoeRunner::GetFunction(tvm::ffi::String const&)::{lambda(tvm::ffi::TensorView, tvm::ffi::TensorView, tvm::ffi::TensorView, tvm::ffi::Optional<tvm::ffi::TensorView, void>, tvm::ffi::TensorView, tvm::ffi::Optional<tvm::ffi::TensorView, void>, tvm::ffi::TensorView, tvm::ffi::Optional<tvm::ffi::TensorView, void>, tvm::ffi::Optional<tvm::ffi::Array<tvm::ffi::Tensor, void>, void>, tvm::ffi::Optional<tvm::ffi::TensorView, void>, tvm::ffi::Optional<tvm::ffi::TensorView, void>, tvm::ffi::Optional<tvm::ffi::TensorView, void>, tvm::ffi::Optional<tvm::ffi::TensorView, void>, long, long, long, long, long, long, bool, bool, tvm::ffi::Optional<tvm::ffi::Array<long, void>, void>, bool, long, bool)#5}>(FusedMoeRunner::GetFunction(tvm::ffi::String const&)::{lambda(tvm::ffi::TensorView, tvm::ffi::TensorView, tvm::ffi::TensorView, tvm::ffi::Optional<tvm::ffi::TensorView, void>, tvm::ffi::TensorView, tvm::ffi::Optional<tvm::ffi::TensorView, void>, tvm::ffi::TensorView, tvm::ffi::Optional<tvm::ffi::TensorView, void>, tvm::ffi::Optional<tvm::ffi::Array<tvm::ffi::Tensor, void>, void>, tvm::ffi::Optional<tvm::ffi::TensorView, void>, tvm::ffi::Optional<tvm::ffi::TensorView, void>, tvm::ffi::Optional<tvm::ffi::TensorView, void>, tvm::ffi::Optional<tvm::ffi::TensorView, void>, long, long, long, long, long, long, bool, bool, tvm::ffi::Optional<tvm::ffi::Array<long, void>, void>, bool, long, bool)#5}&&)::{lambda(tvm::ffi::AnyView const*, int, tvm::ffi::Any*)#1}::operator()(tvm::ffi::AnyView const*, int, tvm::ffi::Any*) [0x14e983] in fused_moe_120_M64N128_mxfp4min.so
=========         Host Frame: tvm::ffi::details::FunctionObjImpl<tvm::ffi::Function::FromTyped<FusedMoeRunner::GetFunction(tvm::ffi::String const&)::{lambda(tvm::ffi::TensorView, tvm::ffi::TensorView, tvm::ffi::TensorView, tvm::ffi::Optional<tvm::ffi::TensorView, void>, tvm::ffi::TensorView, tvm::ffi::Optional<tvm::ffi::TensorView, void>, tvm::ffi::TensorView, tvm::ffi::Optional<tvm::ffi::TensorView, void>, tvm::ffi::Optional<tvm::ffi::Array<tvm::ffi::Tensor, void>, void>, tvm::ffi::Optional<tvm::ffi::TensorView, void>, tvm::ffi::Optional<tvm::ffi::TensorView, void>, tvm::ffi::Optional<tvm::ffi::TensorView, void>, tvm::ffi::Optional<tvm::ffi::TensorView, void>, long, long, long, long, long, long, bool, bool, tvm::ffi::Optional<tvm::ffi::Array<long, void>, void>, bool, long, bool)#5}>(FusedMoeRunner::GetFunction(tvm::ffi::String const&)::{lambda(tvm::ffi::TensorView, tvm::ffi::TensorView, tvm::ffi::TensorView, tvm::ffi::Optional<tvm::ffi::TensorView, void>, tvm::ffi::TensorView, tvm::ffi::Optional<tvm::ffi::TensorView, void>, tvm::ffi::TensorView, tvm::ffi::Optional<tvm::ffi::TensorView, void>, tvm::ffi::Optional<tvm::ffi::Array<tvm::ffi::Tensor, void>, void>, tvm::ffi::Optional<tvm::ffi::TensorView, void>, tvm::ffi::Optional<tvm::ffi::TensorView, void>, tvm::ffi::Optional<tvm::ffi::TensorView, void>, tvm::ffi::Optional<tvm::ffi::TensorView, void>, long, long, long, long, long, long, bool, bool, tvm::ffi::Optional<tvm::ffi::Array<long, void>, void>, bool, long, bool)#5}&&)::{lambda(tvm::ffi::AnyView const*, int, tvm::ffi::Any*)#1}>::SafeCall(void*, TVMFFIAny const*, int, TVMFFIAny*) [0x10adcf] in fused_moe_120_M64N128_mxfp4min.so
=========         Host Frame:  [0x5251b] in core.abi3.so
=========         Host Frame: PyObject_Call [0xc535b] in python3
=========         Host Frame: _PyEval_EvalFrameDefault [0x16832b] in python3
=========         Host Frame: PyEval_EvalCode [0x163223] in python3
=========         Host Frame:  [0x19c143] in python3
=========         Host Frame:  [0x280e33] in python3
=========         Host Frame: _PyRun_SimpleFileObject [0x280a07] in python3
=========         Host Frame: _PyRun_AnyFileObject [0x2807d3] in python3
=========         Host Frame: Py_RunMain [0x28b7db] in python3
=========         Host Frame: Py_BytesMain [0x28b397] in python3
=========         Host Frame:  [0x284c3] in libc.so.6
=========         Host Frame: __libc_start_main [0x28597] in libc.so.6
=========         Host Frame: _start [0x1f6baf] in python3
=========         Host Frame: cutlass_fused_moe in core.py:821
=========         Host Frame: cutlass_fused_moe in core.py:1118
=========         Host Frame: <module> in test_initcheck_unfused.py:90
========= 
  OK: shape=torch.Size([4, 2944]), abs_max=0.3906

Done.
========= ERROR SUMMARY: 73216 errors
========= ERROR SUMMARY: 73211 errors were not printed. Use --print-limit option to adjust the number of printed errors
